Component: ARM Compiler 6.14.1 Tool: armlink [5db06d00]

==============================================================================

Section Cross References

    startup_stm32l151xd.o(STACK) refers (Special) to heapauxi.o(.text) for __use_two_region_memory
    startup_stm32l151xd.o(HEAP) refers (Special) to heapauxi.o(.text) for __use_two_region_memory
    startup_stm32l151xd.o(RESET) refers (Special) to heapauxi.o(.text) for __use_two_region_memory
    startup_stm32l151xd.o(RESET) refers to startup_stm32l151xd.o(STACK) for __initial_sp
    startup_stm32l151xd.o(RESET) refers to startup_stm32l151xd.o(.text) for Reset_Handler
    startup_stm32l151xd.o(RESET) refers to stm32l1xx_it.o(.text.NMI_Handler) for NMI_Handler
    startup_stm32l151xd.o(RESET) refers to stm32l1xx_it.o(.text.HardFault_Handler) for HardFault_Handler
    startup_stm32l151xd.o(RESET) refers to stm32l1xx_it.o(.text.MemManage_Handler) for MemManage_Handler
    startup_stm32l151xd.o(RESET) refers to stm32l1xx_it.o(.text.BusFault_Handler) for BusFault_Handler
    startup_stm32l151xd.o(RESET) refers to stm32l1xx_it.o(.text.UsageFault_Handler) for UsageFault_Handler
    startup_stm32l151xd.o(RESET) refers to irq_cm3.o(.text) for SVC_Handler
    startup_stm32l151xd.o(RESET) refers to stm32l1xx_it.o(.text.DebugMon_Handler) for DebugMon_Handler
    startup_stm32l151xd.o(RESET) refers to stm32l1xx_it.o(.text.TIM11_IRQHandler) for TIM11_IRQHandler
    startup_stm32l151xd.o(.text) refers (Special) to heapauxi.o(.text) for __use_two_region_memory
    startup_stm32l151xd.o(.text) refers to system_stm32l1xx.o(.text.SystemInit) for SystemInit
    startup_stm32l151xd.o(.text) refers to __main.o(!!!main) for __main
    startup_stm32l151xd.o(.text) refers to startup_stm32l151xd.o(HEAP) for Heap_Mem
    startup_stm32l151xd.o(.text) refers to startup_stm32l151xd.o(STACK) for Stack_Mem
    main.o(.text.main) refers to stm32l1xx_hal.o(.text.HAL_Init) for HAL_Init
    main.o(.text.main) refers to stm32l1xx_hal_rcc.o(.text.HAL_RCC_OscConfig) for HAL_RCC_OscConfig
    main.o(.text.main) refers to stm32l1xx_hal_rcc.o(.text.HAL_RCC_ClockConfig) for HAL_RCC_ClockConfig
    main.o(.ARM.exidx.text.main) refers to main.o(.text.main) for [Anonymous Symbol]
    main.o(.text.SystemClock_Config) refers to stm32l1xx_hal_rcc.o(.text.HAL_RCC_OscConfig) for HAL_RCC_OscConfig
    main.o(.text.SystemClock_Config) refers to stm32l1xx_hal_rcc.o(.text.HAL_RCC_ClockConfig) for HAL_RCC_ClockConfig
    main.o(.ARM.exidx.text.SystemClock_Config) refers to main.o(.text.SystemClock_Config) for [Anonymous Symbol]
    main.o(.ARM.exidx.text.Error_Handler) refers to main.o(.text.Error_Handler) for [Anonymous Symbol]
    main.o(.ARM.exidx.text.UserIdleProcess) refers to main.o(.text.UserIdleProcess) for [Anonymous Symbol]
    main.o(.text.osRtxIdleThread) refers to main.o(.text.UserIdleProcess) for UserIdleProcess
    main.o(.ARM.exidx.text.osRtxIdleThread) refers to main.o(.text.osRtxIdleThread) for [Anonymous Symbol]
    main.o(.ARM.exidx.text.osRtxErrorNotify) refers to main.o(.text.osRtxErrorNotify) for [Anonymous Symbol]
    main.o(.text.HAL_TIM_PeriodElapsedCallback) refers to stm32l1xx_hal.o(.text.HAL_IncTick) for HAL_IncTick
    main.o(.ARM.exidx.text.HAL_TIM_PeriodElapsedCallback) refers to main.o(.text.HAL_TIM_PeriodElapsedCallback) for [Anonymous Symbol]
    stm32l1xx_hal_msp.o(.text.HAL_MspInit) refers to stm32l1xx_hal_pwr.o(.text.HAL_PWR_ConfigPVD) for HAL_PWR_ConfigPVD
    stm32l1xx_hal_msp.o(.text.HAL_MspInit) refers to stm32l1xx_hal_pwr.o(.text.HAL_PWR_EnablePVD) for HAL_PWR_EnablePVD
    stm32l1xx_hal_msp.o(.ARM.exidx.text.HAL_MspInit) refers to stm32l1xx_hal_msp.o(.text.HAL_MspInit) for [Anonymous Symbol]
    stm32l1xx_hal_timebase_tim.o(.text.HAL_InitTick) refers to stm32l1xx_hal_rcc.o(.text.HAL_RCC_GetClockConfig) for HAL_RCC_GetClockConfig
    stm32l1xx_hal_timebase_tim.o(.text.HAL_InitTick) refers to stm32l1xx_hal_rcc.o(.text.HAL_RCC_GetPCLK2Freq) for HAL_RCC_GetPCLK2Freq
    stm32l1xx_hal_timebase_tim.o(.text.HAL_InitTick) refers to stm32l1xx_hal_timebase_tim.o(.bss.htim11) for htim11
    stm32l1xx_hal_timebase_tim.o(.text.HAL_InitTick) refers to stm32l1xx_hal_tim.o(.text.HAL_TIM_Base_Init) for HAL_TIM_Base_Init
    stm32l1xx_hal_timebase_tim.o(.text.HAL_InitTick) refers to stm32l1xx_hal_tim.o(.text.HAL_TIM_Base_Start_IT) for HAL_TIM_Base_Start_IT
    stm32l1xx_hal_timebase_tim.o(.text.HAL_InitTick) refers to stm32l1xx_hal_cortex.o(.text.HAL_NVIC_EnableIRQ) for HAL_NVIC_EnableIRQ
    stm32l1xx_hal_timebase_tim.o(.text.HAL_InitTick) refers to stm32l1xx_hal_cortex.o(.text.HAL_NVIC_SetPriority) for HAL_NVIC_SetPriority
    stm32l1xx_hal_timebase_tim.o(.text.HAL_InitTick) refers to stm32l1xx_hal.o(.data..L_MergedGlobals) for uwTickPrio
    stm32l1xx_hal_timebase_tim.o(.ARM.exidx.text.HAL_InitTick) refers to stm32l1xx_hal_timebase_tim.o(.text.HAL_InitTick) for [Anonymous Symbol]
[...]
    Removing rtx_timer.o(.text.svcRtxTimerDelete), (128 bytes).
    Removing rtx_timer.o(.ARM.exidx.text.svcRtxTimerDelete), (8 bytes).
    Removing irq_cm3.o(.constdata), (1 bytes).
    Removing os_systick.o(.text), (0 bytes).
    Removing os_systick.o(.text.OS_Tick_Setup), (72 bytes).
    Removing os_systick.o(.ARM.exidx.text.OS_Tick_Setup), (8 bytes).
    Removing os_systick.o(.text.OS_Tick_Enable), (50 bytes).
    Removing os_systick.o(.ARM.exidx.text.OS_Tick_Enable), (8 bytes).
    Removing os_systick.o(.text.OS_Tick_Disable), (52 bytes).
    Removing os_systick.o(.ARM.exidx.text.OS_Tick_Disable), (8 bytes).
    Removing os_systick.o(.ARM.exidx.text.OS_Tick_AcknowledgeIRQ), (8 bytes).
    Removing os_systick.o(.text.OS_Tick_GetIRQn), (6 bytes).
    Removing os_systick.o(.ARM.exidx.text.OS_Tick_GetIRQn), (8 bytes).
    Removing os_systick.o(.text.OS_Tick_GetClock), (12 bytes).
    Removing os_systick.o(.ARM.exidx.text.OS_Tick_GetClock), (8 bytes).
    Removing os_systick.o(.text.OS_Tick_GetInterval), (14 bytes).
    Removing os_systick.o(.ARM.exidx.text.OS_Tick_GetInterval), (8 bytes).
    Removing os_systick.o(.text.OS_Tick_GetCount), (16 bytes).
    Removing os_systick.o(.ARM.exidx.text.OS_Tick_GetCount), (8 bytes).
    Removing os_systick.o(.text.OS_Tick_GetOverflow), (16 bytes).
    Removing os_systick.o(.ARM.exidx.text.OS_Tick_GetOverflow), (8 bytes).
    Removing os_systick.o(.bss.PendST), (1 bytes).

1234 unused section(s) (total 47106 bytes) removed from the image.

==============================================================================

Image Symbol Table

    Local Symbols

    Symbol Name                              Value     Ov Type        Size  Object(Section)

    ../../../CMSIS/CMSIS/RTOS2/RTX/Source/ARM/irq_cm3.s 0x00000000   Number         0  irq_cm3.o ABSOLUTE
    ../../../hal/st/STM32CubeL1/Drivers/CMSIS/Device/ST/STM32L1xx/Source/Templates/arm/startup_stm32l151xd.s 0x00000000   Number         0  startup_stm32l151xd.o ABSOLUTE
    ../clib/angel/boardlib.s                 0x00000000   Number         0  boardinit1.o ABSOLUTE
    ../clib/angel/boardlib.s                 0x00000000   Number         0  boardinit3.o ABSOLUTE
    ../clib/angel/boardlib.s                 0x00000000   Number         0  boardshut.o ABSOLUTE
    ../clib/angel/handlers.s                 0x00000000   Number         0  __scatter_copy.o ABSOLUTE
    ../clib/angel/handlers.s                 0x00000000   Number         0  __scatter_zi.o ABSOLUTE
    ../clib/angel/kernel.s                   0x00000000   Number         0  __rtentry.o ABSOLUTE
    ../clib/angel/kernel.s                   0x00000000   Number         0  __rtentry2.o ABSOLUTE
    ../clib/angel/kernel.s                   0x00000000   Number         0  __rtentry4.o ABSOLUTE
    ../clib/angel/kernel.s                   0x00000000   Number         0  rtexit.o ABSOLUTE
    ../clib/angel/kernel.s                   0x00000000   Number         0  rtexit2.o ABSOLUTE
    ../clib/angel/rt.s                       0x00000000   Number         0  rt_raise.o ABSOLUTE
    ../clib/angel/scatter.s                  0x00000000   Number         0  __scatter.o ABSOLUTE
    ../clib/angel/startup.s                  0x00000000   Number         0  __main.o ABSOLUTE
    ../clib/angel/sys.s                      0x00000000   Number         0  sys_stackheap_outer.o ABSOLUTE
    ../clib/angel/sys.s                      0x00000000   Number         0  libspace.o ABSOLUTE
    ../clib/angel/sys.s                      0x00000000   Number         0  use_no_semi.o ABSOLUTE
    ../clib/angel/sys.s                      0x00000000   Number         0  indicate_semi.o ABSOLUTE
    ../clib/angel/sysapp.c                   0x00000000   Number         0  sys_exit.o ABSOLUTE
    ../clib/angel/sysapp.c                   0x00000000   Number         0  sys_exit_hlt.o ABSOLUTE
    ../clib/angel/sysapp.c                   0x00000000   Number         0  sys_command.o ABSOLUTE
    ../clib/angel/sysapp.c                   0x00000000   Number         0  sys_command_hlt.o ABSOLUTE
    ../clib/angel/sysapp.c                   0x00000000   Number         0  sys_wrch.o ABSOLUTE
    ../clib/angel/sysapp.c                   0x00000000   Number         0  sys_wrch_hlt.o ABSOLUTE
    ../clib/armsys.c                         0x00000000   Number         0  argv_veneer.o ABSOLUTE
    ../clib/armsys.c                         0x00000000   Number         0  argv_veneer.o ABSOLUTE
    ../clib/armsys.c                         0x00000000   Number         0  _get_argv_nomalloc.o ABSOLUTE
    ../clib/armsys.c                         0x00000000   Number         0  no_argv.o ABSOLUTE
    ../clib/heapalloc.c                      0x00000000   Number         0  hrguard.o ABSOLUTE
    ../clib/heapaux.c                        0x00000000   Number         0  heapauxi.o ABSOLUTE
    ../clib/libinit.s                        0x00000000   Number         0  libinit.o ABSOLUTE
    ../clib/libinit.s                        0x00000000   Number         0  libinit2.o ABSOLUTE
    ../clib/libinit.s                        0x00000000   Number         0  libshutdown.o ABSOLUTE
    ../clib/libinit.s                        0x00000000   Number         0  libshutdown2.o ABSOLUTE
    ../clib/memcpset.s                       0x00000000   Number         0  rt_memcpy_v6.o ABSOLUTE
    ../clib/memcpset.s                       0x00000000   Number         0  aeabi_memset4.o ABSOLUTE
    ../clib/memcpset.s                       0x00000000   Number         0  rt_memclr.o ABSOLUTE
    ../clib/memcpset.s                       0x00000000   Number         0  rt_memclr_w.o ABSOLUTE
    ../clib/memcpset.s                       0x00000000   Number         0  rt_memcpy_w.o ABSOLUTE
    ../clib/signal.c                         0x00000000   Number         0  defsig_rtmem_outer.o ABSOLUTE
    ../clib/signal.c                         0x00000000   Number         0  defsig_rtmem_formal.o ABSOLUTE
    ../clib/signal.c                         0x00000000   Number         0  defsig_exit.o ABSOLUTE
    ../clib/signal.c                         0x00000000   Number         0  defsig_rtmem_inner.o ABSOLUTE
    ../clib/signal.c                         0x00000000   Number         0  __raise.o ABSOLUTE
    ../clib/signal.c                         0x00000000   Number         0  defsig_general.o ABSOLUTE
    ../clib/signal.c                         0x00000000   Number         0  defsig_abrt_inner.o ABSOLUTE
    ../clib/signal.c                         0x00000000   Number         0  defsig_fpe_inner.o ABSOLUTE
    ../clib/signal.c                         0x00000000   Number         0  defsig_rtred_inner.o ABSOLUTE
    ../clib/signal.c                         0x00000000   Number         0  defsig_stak_inner.o ABSOLUTE
    ../clib/signal.c                         0x00000000   Number         0  defsig_pvfn_inner.o ABSOLUTE
    ../clib/signal.c                         0x00000000   Number         0  defsig_cppl_inner.o ABSOLUTE
    ../clib/signal.c                         0x00000000   Number         0  defsig_segv_inner.o ABSOLUTE
    ../clib/signal.c                         0x00000000   Number         0  defsig_other.o ABSOLUTE
    ../clib/signal.s                         0x00000000   Number         0  defsig.o ABSOLUTE
    ../clib/stdlib.c                         0x00000000   Number         0  exit.o ABSOLUTE
    ../fplib/fpinit.s                        0x00000000   Number         0  fpinit.o ABSOLUTE
    ../fplib/fpinit_empty.s                  0x00000000   Number         0  fpinit_empty.o ABSOLUTE
    dc.s                                     0x00000000   Number         0  dc.o ABSOLUTE
    main.c                                   0x00000000   Number         0  main.o ABSOLUTE
    os_systick.c                             0x00000000   Number         0  os_systick.o ABSOLUTE
    rtx_delay.c                              0x00000000   Number         0  rtx_delay.o ABSOLUTE
    rtx_evflags.c                            0x00000000   Number         0  rtx_evflags.o ABSOLUTE
    rtx_evr.c                                0x00000000   Number         0  rtx_evr.o ABSOLUTE
    rtx_kernel.c                             0x00000000   Number         0  rtx_kernel.o ABSOLUTE
    rtx_lib.c                                0x00000000   Number         0  rtx_lib.o ABSOLUTE
    rtx_memory.c                             0x00000000   Number         0  rtx_memory.o ABSOLUTE
    rtx_mempool.c                            0x00000000   Number         0  rtx_mempool.o ABSOLUTE
    rtx_msgqueue.c                           0x00000000   Number         0  rtx_msgqueue.o ABSOLUTE
    rtx_mutex.c                              0x00000000   Number         0  rtx_mutex.o ABSOLUTE
    rtx_semaphore.c                          0x00000000   Number         0  rtx_semaphore.o ABSOLUTE
    rtx_system.c                             0x00000000   Number         0  rtx_system.o ABSOLUTE
    rtx_thread.c                             0x00000000   Number         0  rtx_thread.o ABSOLUTE
    rtx_timer.c                              0x00000000   Number         0  rtx_timer.o ABSOLUTE
    stm32l1xx_hal.c                          0x00000000   Number         0  stm32l1xx_hal.o ABSOLUTE
    stm32l1xx_hal_cortex.c                   0x00000000   Number         0  stm32l1xx_hal_cortex.o ABSOLUTE
    stm32l1xx_hal_dma.c                      0x00000000   Number         0  stm32l1xx_hal_dma.o ABSOLUTE
    stm32l1xx_hal_exti.c                     0x00000000   Number         0  stm32l1xx_hal_exti.o ABSOLUTE
    stm32l1xx_hal_flash.c                    0x00000000   Number         0  stm32l1xx_hal_flash.o ABSOLUTE
    stm32l1xx_hal_flash_ex.c                 0x00000000   Number         0  stm32l1xx_hal_flash_ex.o ABSOLUTE
    stm32l1xx_hal_flash_ramfunc.c            0x00000000   Number         0  stm32l1xx_hal_flash_ramfunc.o ABSOLUTE
    stm32l1xx_hal_gpio.c                     0x00000000   Number         0  stm32l1xx_hal_gpio.o ABSOLUTE
    stm32l1xx_hal_msp.c                      0x00000000   Number         0  stm32l1xx_hal_msp.o ABSOLUTE
    stm32l1xx_hal_pwr.c                      0x00000000   Number         0  stm32l1xx_hal_pwr.o ABSOLUTE
    stm32l1xx_hal_pwr_ex.c                   0x00000000   Number         0  stm32l1xx_hal_pwr_ex.o ABSOLUTE
    stm32l1xx_hal_rcc.c                      0x00000000   Number         0  stm32l1xx_hal_rcc.o ABSOLUTE
    stm32l1xx_hal_rcc_ex.c                   0x00000000   Number         0  stm32l1xx_hal_rcc_ex.o ABSOLUTE
    stm32l1xx_hal_tim.c                      0x00000000   Number         0  stm32l1xx_hal_tim.o ABSOLUTE
    stm32l1xx_hal_tim_ex.c                   0x00000000   Number         0  stm32l1xx_hal_tim_ex.o ABSOLUTE
    stm32l1xx_hal_timebase_tim.c             0x00000000   Number         0  stm32l1xx_hal_timebase_tim.o ABSOLUTE
    stm32l1xx_it.c                           0x00000000   Number         0  stm32l1xx_it.o ABSOLUTE
    system_stm32l1xx.c                       0x00000000   Number         0  system_stm32l1xx.o ABSOLUTE
    RESET                                    0x08000000   Section      292  startup_stm32l151xd.o(RESET)
    !!!main                                  0x08000124   Section        8  __main.o(!!!main)
    !!!scatter                               0x0800012c   Section       52  __scatter.o(!!!scatter)
    !!handler_copy                           0x08000160   Section       26  __scatter_copy.o(!!handler_copy)
    !!handler_zi                             0x0800017c   Section       28  __scatter_zi.o(!!handler_zi)
    .ARM.Collect$$libinit$$00000000          0x08000198   Section        2  libinit.o(.ARM.Collect$$libinit$$00000000)
    .ARM.Collect$$libinit$$00000002          0x0800019a   Section        0  libinit2.o(.ARM.Collect$$libinit$$00000002)
    .ARM.Collect$$libinit$$00000004          0x0800019a   Section        0  libinit2.o(.ARM.Collect$$libinit$$00000004)
    .ARM.Collect$$libinit$$0000000A          0x0800019a   Section        0  libinit2.o(.ARM.Collect$$libinit$$0000000A)
    .ARM.Collect$$libinit$$0000000C          0x0800019a   Section        0  libinit2.o(.ARM.Collect$$libinit$$0000000C)
    .ARM.Collect$$libinit$$0000000E          0x0800019a   Section        0  libinit2.o(.ARM.Collect$$libinit$$0000000E)
    .ARM.Collect$$libinit$$00000011          0x0800019a   Section        0  libinit2.o(.ARM.Collect$$libinit$$00000011)
    .ARM.Collect$$libinit$$00000013          0x0800019a   Section        0  libinit2.o(.ARM.Collect$$libinit$$00000013)
    .ARM.Collect$$libinit$$00000015          0x0800019a   Section        0  libinit2.o(.ARM.Collect$$libinit$$00000015)
    .ARM.Collect$$libinit$$00000017          0x0800019a   Section        0  libinit2.o(.ARM.Collect$$libinit$$00000017)
    .ARM.Collect$$libinit$$00000019          0x0800019a   Section        0  libinit2.o(.ARM.Collect$$libinit$$00000019)
    .ARM.Collect$$libinit$$0000001B          0x0800019a   Section        0  libinit2.o(.ARM.Collect$$libinit$$0000001B)
    .ARM.Collect$$libinit$$0000001D          0x0800019a   Section        0  libinit2.o(.ARM.Collect$$libinit$$0000001D)
    .ARM.Collect$$libinit$$0000001F          0x0800019a   Section        0  libinit2.o(.ARM.Collect$$libinit$$0000001F)
    .ARM.Collect$$libinit$$00000021          0x0800019a   Section        0  libinit2.o(.ARM.Collect$$libinit$$00000021)
    .ARM.Collect$$libinit$$00000023          0x0800019a   Section        0  libinit2.o(.ARM.Collect$$libinit$$00000023)
    .ARM.Collect$$libinit$$00000025          0x0800019a   Section        0  libinit2.o(.ARM.Collect$$libinit$$00000025)
    .ARM.Collect$$libinit$$0000002C          0x0800019a   Section        0  libinit2.o(.ARM.Collect$$libinit$$0000002C)
    .ARM.Collect$$libinit$$0000002E          0x0800019a   Section        0  libinit2.o(.ARM.Collect$$libinit$$0000002E)
    .ARM.Collect$$libinit$$00000030          0x0800019a   Section        0  libinit2.o(.ARM.Collect$$libinit$$00000030)
    .ARM.Collect$$libinit$$00000032          0x0800019a   Section        0  libinit2.o(.ARM.Collect$$libinit$$00000032)
    .ARM.Collect$$libinit$$00000033          0x0800019a   Section        2  libinit2.o(.ARM.Collect$$libinit$$00000033)
    .ARM.Collect$$libshutdown$$00000000      0x0800019c   Section        2  libshutdown.o(.ARM.Collect$$libshutdown$$00000000)
    .ARM.Collect$$libshutdown$$00000002      0x0800019e   Section        0  libshutdown2.o(.ARM.Collect$$libshutdown$$00000002)
    .ARM.Collect$$libshutdown$$00000004      0x0800019e   Section        0  libshutdown2.o(.ARM.Collect$$libshutdown$$00000004)
    .ARM.Collect$$libshutdown$$00000007      0x0800019e   Section        0  libshutdown2.o(.ARM.Collect$$libshutdown$$00000007)
    .ARM.Collect$$libshutdown$$0000000A      0x0800019e   Section        0  libshutdown2.o(.ARM.Collect$$libshutdown$$0000000A)
    .ARM.Collect$$libshutdown$$0000000C      0x0800019e   Section        0  libshutdown2.o(.ARM.Collect$$libshutdown$$0000000C)
    .ARM.Collect$$libshutdown$$0000000F      0x0800019e   Section        0  libshutdown2.o(.ARM.Collect$$libshutdown$$0000000F)
    .ARM.Collect$$libshutdown$$00000010      0x0800019e   Section        2  libshutdown2.o(.ARM.Collect$$libshutdown$$00000010)
    .ARM.Collect$$rtentry$$00000000          0x080001a0   Section        0  __rtentry.o(.ARM.Collect$$rtentry$$00000000)
    .ARM.Collect$$rtentry$$00000002          0x080001a0   Section        0  __rtentry2.o(.ARM.Collect$$rtentry$$00000002)
    .ARM.Collect$$rtentry$$00000004          0x080001a0   Section        6  __rtentry4.o(.ARM.Collect$$rtentry$$00000004)
    .ARM.Collect$$rtentry$$00000008          0x080001a6   Section        8  __rtentry2.o(.ARM.Collect$$rtentry$$00000008)
    .ARM.Collect$$rtentry$$0000000A          0x080001ae   Section        4  __rtentry2.o(.ARM.Collect$$rtentry$$0000000A)
    .ARM.Collect$$rtentry$$0000000C          0x080001b2   Section        0  __rtentry2.o(.ARM.Collect$$rtentry$$0000000C)
    .ARM.Collect$$rtentry$$0000000D          0x080001b2   Section        8  __rtentry2.o(.ARM.Collect$$rtentry$$0000000D)
    .ARM.Collect$$rtexit$$00000000           0x080001ba   Section        2  rtexit.o(.ARM.Collect$$rtexit$$00000000)
    .ARM.Collect$$rtexit$$00000002           0x080001bc   Section        0  rtexit2.o(.ARM.Collect$$rtexit$$00000002)
    .ARM.Collect$$rtexit$$00000003           0x080001bc   Section        4  rtexit2.o(.ARM.Collect$$rtexit$$00000003)
    .ARM.Collect$$rtexit$$00000004           0x080001c0   Section        6  rtexit2.o(.ARM.Collect$$rtexit$$00000004)
    .text                                    0x080001c8   Section       64  startup_stm32l151xd.o(.text)
    .text                                    0x08000208   Section      148  irq_cm3.o(.text)
    .text                                    0x0800029c   Section       78  rt_memclr_w.o(.text)
    .text                                    0x080002ea   Section        0  heapauxi.o(.text)
    .text                                    0x080002f0   Section       74  sys_stackheap_outer.o(.text)
    .text                                    0x0800033a   Section        0  exit.o(.text)
    .text                                    0x0800034c   Section        8  libspace.o(.text)
    .text                                    0x08000354   Section        0  sys_exit.o(.text)
    .text                                    0x08000360   Section        2  use_no_semi.o(.text)
    .text                                    0x08000362   Section        0  indicate_semi.o(.text)
    [Anonymous Symbol]                       0x08000364   Section        0  stm32l1xx_it.o(.text.BusFault_Handler)
    [Anonymous Symbol]                       0x08000368   Section        0  stm32l1xx_it.o(.text.DebugMon_Handler)
    [Anonymous Symbol]                       0x0800036c   Section        0  rtx_evr.o(.text.EvrRtxEventFlagsWaitTimeout)
    [Anonymous Symbol]                       0x08000370   Section        0  rtx_evr.o(.text.EvrRtxKernelError)
    [Anonymous Symbol]                       0x08000374   Section        0  rtx_evr.o(.text.EvrRtxKernelGetState)
    [Anonymous Symbol]                       0x08000378   Section        0  rtx_evr.o(.text.EvrRtxKernelInitialize)
    [Anonymous Symbol]                       0x0800037c   Section        0  rtx_evr.o(.text.EvrRtxKernelInitialized)
    [Anonymous Symbol]                       0x08000380   Section        0  rtx_evr.o(.text.EvrRtxMemoryAlloc)
    [Anonymous Symbol]                       0x08000384   Section        0  rtx_evr.o(.text.EvrRtxMemoryBlockAlloc)
    [Anonymous Symbol]                       0x08000388   Section        0  rtx_evr.o(.text.EvrRtxMemoryBlockFree)
    [Anonymous Symbol]                       0x0800038c   Section        0  rtx_evr.o(.text.EvrRtxMemoryBlockInit)
    [Anonymous Symbol]                       0x08000390   Section        0  rtx_evr.o(.text.EvrRtxMemoryFree)
    [Anonymous Symbol]                       0x08000394   Section        0  rtx_evr.o(.text.EvrRtxMemoryInit)
    [Anonymous Symbol]                       0x08000398   Section        0  rtx_evr.o(.text.EvrRtxMemoryPoolAllocTimeout)
    [Anonymous Symbol]                       0x0800039c   Section        0  rtx_evr.o(.text.EvrRtxMessageQueueGetTimeout)
    [Anonymous Symbol]                       0x080003a0   Section        0  rtx_evr.o(.text.EvrRtxMessageQueuePutTimeout)
    [Anonymous Symbol]                       0x080003a4   Section        0  rtx_evr.o(.text.EvrRtxMutexAcquire)
    [Anonymous Symbol]                       0x080003a8   Section        0  rtx_evr.o(.text.EvrRtxMutexAcquirePending)
    [Anonymous Symbol]                       0x080003ac   Section        0  rtx_evr.o(.text.EvrRtxMutexAcquireTimeout)
    [Anonymous Symbol]                       0x080003b0   Section        0  rtx_evr.o(.text.EvrRtxMutexAcquired)
    [Anonymous Symbol]                       0x080003b4   Section        0  rtx_evr.o(.text.EvrRtxMutexCreated)
    [Anonymous Symbol]                       0x080003b8   Section        0  rtx_evr.o(.text.EvrRtxMutexDelete)
    [Anonymous Symbol]                       0x080003bc   Section        0  rtx_evr.o(.text.EvrRtxMutexDestroyed)
    [Anonymous Symbol]                       0x080003c0   Section        0  rtx_evr.o(.text.EvrRtxMutexError)
    [Anonymous Symbol]                       0x080003c4   Section        0  rtx_evr.o(.text.EvrRtxMutexNew)
    [Anonymous Symbol]                       0x080003c8   Section        0  rtx_evr.o(.text.EvrRtxMutexNotAcquired)
    [Anonymous Symbol]                       0x080003cc   Section        0  rtx_evr.o(.text.EvrRtxMutexRelease)
    [Anonymous Symbol]                       0x080003d0   Section        0  rtx_evr.o(.text.EvrRtxMutexReleased)
    [Anonymous Symbol]                       0x080003d4   Section        0  rtx_evr.o(.text.EvrRtxSemaphoreAcquireTimeout)
    [Anonymous Symbol]                       0x080003d8   Section        0  rtx_evr.o(.text.EvrRtxThreadBlocked)
    [Anonymous Symbol]                       0x080003dc   Section        0  rtx_evr.o(.text.EvrRtxThreadDelayCompleted)
    [Anonymous Symbol]                       0x080003e0   Section        0  rtx_evr.o(.text.EvrRtxThreadFlagsWaitTimeout)
    [Anonymous Symbol]                       0x080003e4   Section        0  rtx_evr.o(.text.EvrRtxThreadPreempted)
    [Anonymous Symbol]                       0x080003e8   Section        0  rtx_evr.o(.text.EvrRtxThreadSwitched)
    [Anonymous Symbol]                       0x080003ec   Section        0  rtx_evr.o(.text.EvrRtxThreadUnblocked)
    [Anonymous Symbol]                       0x080003f0   Section        0  stm32l1xx_hal.o(.text.HAL_GetTick)
    [Anonymous Symbol]                       0x080003fc   Section        0  stm32l1xx_hal.o(.text.HAL_IncTick)
    [Anonymous Symbol]                       0x08000418   Section        0  stm32l1xx_hal.o(.text.HAL_Init)
    [Anonymous Symbol]                       0x08000438   Section        0  stm32l1xx_hal_timebase_tim.o(.text.HAL_InitTick)
    [Anonymous Symbol]                       0x080004e8   Section        0  stm32l1xx_hal_msp.o(.text.HAL_MspInit)
    [Anonymous Symbol]                       0x08000544   Section        0  stm32l1xx_hal_cortex.o(.text.HAL_NVIC_EnableIRQ)
    [Anonymous Symbol]                       0x08000564   Section        0  stm32l1xx_hal_cortex.o(.text.HAL_NVIC_SetPriority)
    [Anonymous Symbol]                       0x080005bc   Section        0  stm32l1xx_hal_cortex.o(.text.HAL_NVIC_SetPriorityGrouping)
    [Anonymous Symbol]                       0x080005dc   Section        0  stm32l1xx_hal_pwr.o(.text.HAL_PWR_ConfigPVD)
    [Anonymous Symbol]                       0x0800065c   Section        0  stm32l1xx_hal_pwr.o(.text.HAL_PWR_EnablePVD)
    [Anonymous Symbol]                       0x08000668   Section        0  stm32l1xx_hal_rcc.o(.text.HAL_RCC_ClockConfig)
    [Anonymous Symbol]                       0x08000894   Section        0  stm32l1xx_hal_rcc.o(.text.HAL_RCC_GetClockConfig)
    [Anonymous Symbol]                       0x080008d4   Section        0  stm32l1xx_hal_rcc.o(.text.HAL_RCC_GetPCLK2Freq)
    [Anonymous Symbol]                       0x080008fc   Section        0  stm32l1xx_hal_rcc.o(.text.HAL_RCC_OscConfig)
    [Anonymous Symbol]                       0x08000e60   Section        0  stm32l1xx_hal_tim.o(.text.HAL_TIM_Base_Init)
    [Anonymous Symbol]                       0x08000f8c   Section        0  stm32l1xx_hal_tim.o(.text.HAL_TIM_Base_MspInit)
    [Anonymous Symbol]                       0x08000f90   Section        0  stm32l1xx_hal_tim.o(.text.HAL_TIM_Base_Start_IT)
    [Anonymous Symbol]                       0x08001000   Section        0  stm32l1xx_hal_tim.o(.text.HAL_TIM_IC_CaptureCallback)
    [Anonymous Symbol]                       0x08001004   Section        0  stm32l1xx_hal_tim.o(.text.HAL_TIM_IRQHandler)
    [Anonymous Symbol]                       0x0800112c   Section        0  stm32l1xx_hal_tim.o(.text.HAL_TIM_OC_DelayElapsedCallback)
    [Anonymous Symbol]                       0x08001130   Section        0  stm32l1xx_hal_tim.o(.text.HAL_TIM_PWM_PulseFinishedCallback)
    [Anonymous Symbol]                       0x08001134   Section        0  main.o(.text.HAL_TIM_PeriodElapsedCallback)
    [Anonymous Symbol]                       0x08001148   Section        0  stm32l1xx_hal_tim.o(.text.HAL_TIM_TriggerCallback)
    [Anonymous Symbol]                       0x0800114c   Section        0  stm32l1xx_it.o(.text.HardFault_Handler)
    [Anonymous Symbol]                       0x08001150   Section        0  stm32l1xx_it.o(.text.MemManage_Handler)
    [Anonymous Symbol]                       0x08001154   Section        0  stm32l1xx_it.o(.text.NMI_Handler)
    [Anonymous Symbol]                       0x08001158   Section        0  os_systick.o(.text.OS_Tick_AcknowledgeIRQ)
    [Anonymous Symbol]                       0x08001164   Section        0  system_stm32l1xx.o(.text.SystemInit)
    [Anonymous Symbol]                       0x08001168   Section        0  stm32l1xx_it.o(.text.TIM11_IRQHandler)
    [Anonymous Symbol]                       0x08001174   Section        0  stm32l1xx_it.o(.text.UsageFault_Handler)
    __tagsym$$used.1                         0x08001178   Number         0  rtx_lib.o(.text._mutex_acquire)
    [Anonymous Symbol]                       0x08001178   Section        0  rtx_lib.o(.text._mutex_acquire)
    __tagsym$$used.3                         0x080011b8   Number         0  rtx_lib.o(.text._mutex_free)
    [Anonymous Symbol]                       0x080011b8   Section        0  rtx_lib.o(.text._mutex_free)
    __tagsym$$used.0                         0x080011c0   Number         0  rtx_lib.o(.text._mutex_initialize)
    [Anonymous Symbol]                       0x080011c0   Section        0  rtx_lib.o(.text._mutex_initialize)
    __tagsym$$used.2                         0x080011e0   Number         0  rtx_lib.o(.text._mutex_release)
    [Anonymous Symbol]                       0x080011e0   Section        0  rtx_lib.o(.text._mutex_release)
    [Anonymous Symbol]                       0x08001218   Section        0  rtx_lib.o(.text._platform_post_stackheap_init)
    [Anonymous Symbol]                       0x0800121c   Section        0  main.o(.text.main)
    [Anonymous Symbol]                       0x080012cc   Section        0  rtx_kernel.o(.text.osKernelGetState)
    [Anonymous Symbol]                       0x08001308   Section        0  rtx_kernel.o(.text.osKernelInitialize)
    [Anonymous Symbol]                       0x08001340   Section        0  rtx_mutex.o(.text.osMutexAcquire)
    [Anonymous Symbol]                       0x0800137c   Section        0  rtx_mutex.o(.text.osMutexDelete)
    [Anonymous Symbol]                       0x080013b4   Section        0  rtx_mutex.o(.text.osMutexNew)
    [Anonymous Symbol]                       0x080013ec   Section        0  rtx_mutex.o(.text.osMutexRelease)
    [Anonymous Symbol]                       0x08001424   Section        0  main.o(.text.osRtxErrorNotify)
    [Anonymous Symbol]                       0x08001428   Section        0  rtx_lib.o(.text.osRtxKernelPreInit)
    [Anonymous Symbol]                       0x0800142c   Section        0  rtx_memory.o(.text.osRtxMemoryAlloc)
    [Anonymous Symbol]                       0x0800150c   Section        0  rtx_memory.o(.text.osRtxMemoryFree)
    [Anonymous Symbol]                       0x0800158c   Section        0  rtx_memory.o(.text.osRtxMemoryInit)
    [Anonymous Symbol]                       0x080015d0   Section        0  rtx_mempool.o(.text.osRtxMemoryPoolAlloc)
    [Anonymous Symbol]                       0x0800161c   Section        0  rtx_mempool.o(.text.osRtxMemoryPoolFree)
    [Anonymous Symbol]                       0x08001678   Section        0  rtx_mempool.o(.text.osRtxMemoryPoolInit)
    [Anonymous Symbol]                       0x0800172c   Section        0  rtx_system.o(.text.osRtxPendSV_Handler)
    [Anonymous Symbol]                       0x080017d4   Section        0  rtx_thread.o(.text.osRtxThreadDelayTick)
    [Anonymous Symbol]                       0x08001a10   Section        0  rtx_thread.o(.text.osRtxThreadDispatch)
    [Anonymous Symbol]                       0x08001bc0   Section        0  rtx_thread.o(.text.osRtxThreadListGet)
    [Anonymous Symbol]                       0x08001bdc   Section        0  rtx_thread.o(.text.osRtxThreadListPut)
    [Anonymous Symbol]                       0x08001c44   Section        0  rtx_thread.o(.text.osRtxThreadListRemove)
    [Anonymous Symbol]                       0x08001c60   Section        0  rtx_thread.o(.text.osRtxThreadListSort)
    [Anonymous Symbol]                       0x08001d18   Section        0  rtx_thread.o(.text.osRtxThreadReadyPut)
    [Anonymous Symbol]                       0x08001d90   Section        0  rtx_thread.o(.text.osRtxThreadStackCheck)
    [Anonymous Symbol]                       0x08001dc0   Section        0  rtx_thread.o(.text.osRtxThreadSwitch)
    [Anonymous Symbol]                       0x08001de0   Section        0  rtx_thread.o(.text.osRtxThreadWaitEnter)
    [Anonymous Symbol]                       0x08001f10   Section        0  rtx_thread.o(.text.osRtxThreadWaitExit)
    [Anonymous Symbol]                       0x08001ff4   Section        0  rtx_system.o(.text.osRtxTick_Handler)
    svcRtxKernelGetState                     0x08002075   Thumb Code    22  rtx_kernel.o(.text.svcRtxKernelGetState)
    [Anonymous Symbol]                       0x08002074   Section        0  rtx_kernel.o(.text.svcRtxKernelGetState)
    svcRtxKernelInitialize                   0x0800208d   Thumb Code   408  rtx_kernel.o(.text.svcRtxKernelInitialize)
    [Anonymous Symbol]                       0x0800208c   Section        0  rtx_kernel.o(.text.svcRtxKernelInitialize)
    svcRtxMutexAcquire                       0x08002225   Thumb Code   230  rtx_mutex.o(.text.svcRtxMutexAcquire)
    [Anonymous Symbol]                       0x08002224   Section        0  rtx_mutex.o(.text.svcRtxMutexAcquire)
    svcRtxMutexDelete                        0x0800230d   Thumb Code   288  rtx_mutex.o(.text.svcRtxMutexDelete)
    [Anonymous Symbol]                       0x0800230c   Section        0  rtx_mutex.o(.text.svcRtxMutexDelete)
    svcRtxMutexNew                           0x0800242d   Thumb Code   144  rtx_mutex.o(.text.svcRtxMutexNew)
    [Anonymous Symbol]                       0x0800242c   Section        0  rtx_mutex.o(.text.svcRtxMutexNew)
    svcRtxMutexRelease                       0x080024bd   Thumb Code   306  rtx_mutex.o(.text.svcRtxMutexRelease)
    [Anonymous Symbol]                       0x080024bc   Section        0  rtx_mutex.o(.text.svcRtxMutexRelease)
    __tagsym$$used.4                         0x080025f0   Number         0  rtx_lib.o(.rodata)
    os_idle_thread_attr                      0x080026b8   Data          36  rtx_lib.o(.rodata.os_idle_thread_attr)
    [Anonymous Symbol]                       0x080026b8   Section        0  rtx_lib.o(.rodata.os_idle_thread_attr)
    os_timer_mq_attr                         0x080026dc   Data          24  rtx_lib.o(.rodata.os_timer_mq_attr)
    [Anonymous Symbol]                       0x080026dc   Section        0  rtx_lib.o(.rodata.os_timer_mq_attr)
    os_timer_thread_attr                     0x080026f4   Data          36  rtx_lib.o(.rodata.os_timer_thread_attr)
    [Anonymous Symbol]                       0x080026f4   Section        0  rtx_lib.o(.rodata.os_timer_thread_attr)
    .L.str                                   0x08002718   Data          11  rtx_kernel.o(.rodata.str1.4)
    [Anonymous Symbol]                       0x08002718   Section        0  rtx_kernel.o(.rodata.str1.4)
    .L_MergedGlobals                         0x20000000   Data           8  stm32l1xx_hal.o(.data..L_MergedGlobals)
    [Anonymous Symbol]                       0x20000000   Section        0  stm32l1xx_hal.o(.data..L_MergedGlobals)
    .bss                                     0x200000b0   Section       96  libspace.o(.bss)
    os_isr_queue                             0x20000150   Data          64  rtx_lib.o(.bss.os)
    [Anonymous Symbol]                       0x20000150   Section        0  rtx_lib.o(.bss.os)
    os_mem                                   0x20000190   Data        4096  rtx_lib.o(.bss.os)
    os_timer_mq_cb                           0x20001190   Data          52  rtx_lib.o(.bss.os.msgqueue.cb)
    [Anonymous Symbol]                       0x20001190   Section        0  rtx_lib.o(.bss.os.msgqueue.cb)
    os_timer_mq_data                         0x200011c4   Data          80  rtx_lib.o(.bss.os.msgqueue.mem)
    [Anonymous Symbol]                       0x200011c4   Section        0  rtx_lib.o(.bss.os.msgqueue.mem)
    os_idle_thread_cb                        0x20001214   Data          68  rtx_lib.o(.bss.os.thread.cb)
    [Anonymous Symbol]                       0x20001214   Section        0  rtx_lib.o(.bss.os.thread.cb)
    os_timer_thread_cb                       0x20001258   Data          68  rtx_lib.o(.bss.os.thread.cb)
    os_idle_thread_stack                     0x200012a0   Data         512  rtx_lib.o(.bss.os.thread.stack)
    [Anonymous Symbol]                       0x200012a0   Section        0  rtx_lib.o(.bss.os.thread.stack)
    os_timer_thread_stack                    0x200014a0   Data         512  rtx_lib.o(.bss.os.thread.stack)
    os_kernel_is_active.os_kernel_active     0x200016a0   Data           1  rtx_lib.o(.bss.os_kernel_is_active.os_kernel_active)
    [Anonymous Symbol]                       0x200016a0   Section        0  rtx_lib.o(.bss.os_kernel_is_active.os_kernel_active)
    Heap_Mem                                 0x200016a8   Data         512  startup_stm32l151xd.o(HEAP)
    HEAP                                     0x200016a8   Section      512  startup_stm32l151xd.o(HEAP)
    Stack_Mem                                0x200018a8   Data        1024  startup_stm32l151xd.o(STACK)
    STACK                                    0x200018a8   Section     1024  startup_stm32l151xd.o(STACK)
    __initial_sp                             0x20001ca8   Data           0  startup_stm32l151xd.o(STACK)

    Global Symbols

    Symbol Name                              Value     Ov Type        Size  Object(Section)

    BuildAttributes$$THM_ISAv4$P$D$K$B$S$PE$A:L22UL41UL21$X:L11$S22US41US21$IEEE1$IW$~IW$USESV6$~STKCKD$USESV7$~SHL$OTIME$ROPI$EBA8$UX$STANDARDLIB$REQ8$PRES8$EABIv2 0x00000000   Number         0  anon$$obj.o ABSOLUTE
    __fp_init_empty                          0x00000000   Number         0  fpinit_empty.o ABSOLUTE
    .bss.os.evflags.cb$$Base                  - Undefined Weak Reference
    .bss.os.evflags.cb$$Limit                 - Undefined Weak Reference
    .bss.os.mempool.cb$$Base                  - Undefined Weak Reference
    .bss.os.mempool.cb$$Limit                 - Undefined Weak Reference
    .bss.os.mutex.cb$$Base                    - Undefined Weak Reference
    .bss.os.mutex.cb$$Limit                   - Undefined Weak Reference
    .bss.os.semaphore.cb$$Base                - Undefined Weak Reference
    .bss.os.semaphore.cb$$Limit               - Undefined Weak Reference
    .bss.os.timer.cb$$Base                    - Undefined Weak Reference
    .bss.os.timer.cb$$Limit                   - Undefined Weak Reference
    __ARM_exceptions_init                     - Undefined Weak Reference
    __alloca_initialize                       - Undefined Weak Reference
    __arm_preinit_                            - Undefined Weak Reference
    __cpp_initialize__aeabi_                  - Undefined Weak Reference
    __cxa_finalize                            - Undefined Weak Reference
    __rt_locale                               - Undefined Weak Reference
    __sigvec_lookup                           - Undefined Weak Reference
    _atexit_init                              - Undefined Weak Reference
    _call_atexit_fns                          - Undefined Weak Reference
    _clock_init                               - Undefined Weak Reference
    _fp_trap_init                             - Undefined Weak Reference
    _fp_trap_shutdown                         - Undefined Weak Reference
    _get_lc_collate                           - Undefined Weak Reference
    _get_lc_ctype                             - Undefined Weak Reference
    _get_lc_monetary                          - Undefined Weak Reference
    _get_lc_numeric                           - Undefined Weak Reference
    _get_lc_time                              - Undefined Weak Reference
    _getenv_init                              - Undefined Weak Reference
    _handle_redirection                       - Undefined Weak Reference
    _init_alloc                               - Undefined Weak Reference
    _init_user_alloc                          - Undefined Weak Reference
    _initio                                   - Undefined Weak Reference
    _rand_init                                - Undefined Weak Reference
    _signal_finish                            - Undefined Weak Reference
    _signal_init                              - Undefined Weak Reference
    _terminate_alloc                          - Undefined Weak Reference
    _terminate_user_alloc                     - Undefined Weak Reference
    _terminateio                              - Undefined Weak Reference
    __Vectors_Size                           0x00000124   Number         0  startup_stm32l151xd.o ABSOLUTE
    __Vectors                                0x08000000   Data           4  startup_stm32l151xd.o(RESET)
    __Vectors_End                            0x08000124   Data           0  startup_stm32l151xd.o(RESET)
    __main                                   0x08000125   Thumb Code     8  __main.o(!!!main)
    __scatterload                            0x0800012d   Thumb Code     0  __scatter.o(!!!scatter)
    __scatterload_rt2                        0x0800012d   Thumb Code    44  __scatter.o(!!!scatter)
    __scatterload_rt2_thumb_only             0x0800012d   Thumb Code     0  __scatter.o(!!!scatter)
    __scatterload_null                       0x0800013b   Thumb Code     0  __scatter.o(!!!scatter)
    __scatterload_copy                       0x08000161   Thumb Code    26  __scatter_copy.o(!!handler_copy)
    __scatterload_zeroinit                   0x0800017d   Thumb Code    28  __scatter_zi.o(!!handler_zi)
    __rt_lib_init                            0x08000199   Thumb Code     0  libinit.o(.ARM.Collect$$libinit$$00000000)
    __rt_lib_init_alloca_1                   0x0800019b   Thumb Code     0  libinit2.o(.ARM.Collect$$libinit$$0000002E)
    __rt_lib_init_argv_1                     0x0800019b   Thumb Code     0  libinit2.o(.ARM.Collect$$libinit$$0000002C)
    __rt_lib_init_atexit_1                   0x0800019b   Thumb Code     0  libinit2.o(.ARM.Collect$$libinit$$0000001B)
    __rt_lib_init_clock_1                    0x0800019b   Thumb Code     0  libinit2.o(.ARM.Collect$$libinit$$00000021)
    __rt_lib_init_cpp_1                      0x0800019b   Thumb Code     0  libinit2.o(.ARM.Collect$$libinit$$00000032)
    __rt_lib_init_exceptions_1               0x0800019b   Thumb Code     0  libinit2.o(.ARM.Collect$$libinit$$00000030)
    __rt_lib_init_fp_1                       0x0800019b   Thumb Code     0  libinit2.o(.ARM.Collect$$libinit$$00000002)
    __rt_lib_init_fp_trap_1                  0x0800019b   Thumb Code     0  libinit2.o(.ARM.Collect$$libinit$$0000001F)
    __rt_lib_init_getenv_1                   0x0800019b   Thumb Code     0  libinit2.o(.ARM.Collect$$libinit$$00000023)
    __rt_lib_init_heap_1                     0x0800019b   Thumb Code     0  libinit2.o(.ARM.Collect$$libinit$$0000000A)
    __rt_lib_init_lc_collate_1               0x0800019b   Thumb Code     0  libinit2.o(.ARM.Collect$$libinit$$00000011)
    __rt_lib_init_lc_ctype_1                 0x0800019b   Thumb Code     0  libinit2.o(.ARM.Collect$$libinit$$00000013)
    __rt_lib_init_lc_monetary_1              0x0800019b   Thumb Code     0  libinit2.o(.ARM.Collect$$libinit$$00000015)
    __rt_lib_init_lc_numeric_1               0x0800019b   Thumb Code     0  libinit2.o(.ARM.Collect$$libinit$$00000017)
    __rt_lib_init_lc_time_1                  0x0800019b   Thumb Code     0  libinit2.o(.ARM.Collect$$libinit$$00000019)
    __rt_lib_init_preinit_1                  0x0800019b   Thumb Code     0  libinit2.o(.ARM.Collect$$libinit$$00000004)
    __rt_lib_init_rand_1                     0x0800019b   Thumb Code     0  libinit2.o(.ARM.Collect$$libinit$$0000000E)
    __rt_lib_init_return                     0x0800019b   Thumb Code     0  libinit2.o(.ARM.Collect$$libinit$$00000033)
    __rt_lib_init_signal_1                   0x0800019b   Thumb Code     0  libinit2.o(.ARM.Collect$$libinit$$0000001D)
    __rt_lib_init_stdio_1                    0x0800019b   Thumb Code     0  libinit2.o(.ARM.Collect$$libinit$$00000025)
    __rt_lib_init_user_alloc_1               0x0800019b   Thumb Code     0  libinit2.o(.ARM.Collect$$libinit$$0000000C)
    __rt_lib_shutdown                        0x0800019d   Thumb Code     0  libshutdown.o(.ARM.Collect$$libshutdown$$00000000)
    __rt_lib_shutdown_cpp_1                  0x0800019f   Thumb Code     0  libshutdown2.o(.ARM.Collect$$libshutdown$$00000002)
    __rt_lib_shutdown_fp_trap_1              0x0800019f   Thumb Code     0  libshutdown2.o(.ARM.Collect$$libshutdown$$00000007)
    __rt_lib_shutdown_heap_1                 0x0800019f   Thumb Code     0  libshutdown2.o(.ARM.Collect$$libshutdown$$0000000F)
    __rt_lib_shutdown_return                 0x0800019f   Thumb Code     0  libshutdown2.o(.ARM.Collect$$libshutdown$$00000010)
    __rt_lib_shutdown_signal_1               0x0800019f   Thumb Code     0  libshutdown2.o(.ARM.Collect$$libshutdown$$0000000A)
    __rt_lib_shutdown_stdio_1                0x0800019f   Thumb Code     0  libshutdown2.o(.ARM.Collect$$libshutdown$$00000004)
    __rt_lib_shutdown_user_alloc_1           0x0800019f   Thumb Code     0  libshutdown2.o(.ARM.Collect$$libshutdown$$0000000C)
    __rt_entry                               0x080001a1   Thumb Code     0  __rtentry.o(.ARM.Collect$$rtentry$$00000000)
    __rt_entry_presh_1                       0x080001a1   Thumb Code     0  __rtentry2.o(.ARM.Collect$$rtentry$$00000002)
    __rt_entry_sh                            0x080001a1   Thumb Code     0  __rtentry4.o(.ARM.Collect$$rtentry$$00000004)
    __rt_entry_postsh_1                      0x080001a7   Thumb Code     0  __rtentry2.o(.ARM.Collect$$rtentry$$00000008)
    __rt_entry_li                            0x080001af   Thumb Code     0  __rtentry2.o(.ARM.Collect$$rtentry$$0000000A)
    __rt_entry_main                          0x080001b3   Thumb Code     0  __rtentry2.o(.ARM.Collect$$rtentry$$0000000D)
    __rt_entry_postli_1                      0x080001b3   Thumb Code     0  __rtentry2.o(.ARM.Collect$$rtentry$$0000000C)
    __rt_exit                                0x080001bb   Thumb Code     0  rtexit.o(.ARM.Collect$$rtexit$$00000000)
    __rt_exit_ls                             0x080001bd   Thumb Code     0  rtexit2.o(.ARM.Collect$$rtexit$$00000003)
    __rt_exit_prels_1                        0x080001bd   Thumb Code     0  rtexit2.o(.ARM.Collect$$rtexit$$00000002)
    __rt_exit_exit                           0x080001c1   Thumb Code     0  rtexit2.o(.ARM.Collect$$rtexit$$00000004)
    Reset_Handler                            0x080001c9   Thumb Code     8  startup_stm32l151xd.o(.text)
    ADC1_IRQHandler                          0x080001e3   Thumb Code     0  startup_stm32l151xd.o(.text)
    COMP_ACQ_IRQHandler                      0x080001e3   Thumb Code     0  startup_stm32l151xd.o(.text)
    COMP_IRQHandler                          0x080001e3   Thumb Code     0  startup_stm32l151xd.o(.text)
    DAC_IRQHandler                           0x080001e3   Thumb Code     0  startup_stm32l151xd.o(.text)
    DMA1_Channel1_IRQHandler                 0x080001e3   Thumb Code     0  startup_stm32l151xd.o(.text)
    DMA1_Channel2_IRQHandler                 0x080001e3   Thumb Code     0  startup_stm32l151xd.o(.text)
    DMA1_Channel3_IRQHandler                 0x080001e3   Thumb Code     0  startup_stm32l151xd.o(.text)
    DMA1_Channel4_IRQHandler                 0x080001e3   Thumb Code     0  startup_stm32l151xd.o(.text)
    DMA1_Channel5_IRQHandler                 0x080001e3   Thumb Code     0  startup_stm32l151xd.o(.text)
    DMA1_Channel6_IRQHandler                 0x080001e3   Thumb Code     0  startup_stm32l151xd.o(.text)
    DMA1_Channel7_IRQHandler                 0x080001e3   Thumb Code     0  startup_stm32l151xd.o(.text)
    DMA2_Channel1_IRQHandler                 0x080001e3   Thumb Code     0  startup_stm32l151xd.o(.text)
    DMA2_Channel2_IRQHandler                 0x080001e3   Thumb Code     0  startup_stm32l151xd.o(.text)
    DMA2_Channel3_IRQHandler                 0x080001e3   Thumb Code     0  startup_stm32l151xd.o(.text)
    DMA2_Channel4_IRQHandler                 0x080001e3   Thumb Code     0  startup_stm32l151xd.o(.text)
    DMA2_Channel5_IRQHandler                 0x080001e3   Thumb Code     0  startup_stm32l151xd.o(.text)
    EXTI0_IRQHandler                         0x080001e3   Thumb Code     0  startup_stm32l151xd.o(.text)
    EXTI15_10_IRQHandler                     0x080001e3   Thumb Code     0  startup_stm32l151xd.o(.text)
    EXTI1_IRQHandler                         0x080001e3   Thumb Code     0  startup_stm32l151xd.o(.text)
    EXTI2_IRQHandler                         0x080001e3   Thumb Code     0  startup_stm32l151xd.o(.text)
    EXTI3_IRQHandler                         0x080001e3   Thumb Code     0  startup_stm32l151xd.o(.text)
    EXTI4_IRQHandler                         0x080001e3   Thumb Code     0  startup_stm32l151xd.o(.text)
    EXTI9_5_IRQHandler                       0x080001e3   Thumb Code     0  startup_stm32l151xd.o(.text)
    FLASH_IRQHandler                         0x080001e3   Thumb Code     0  startup_stm32l151xd.o(.text)
    I2C1_ER_IRQHandler                       0x080001e3   Thumb Code     0  startup_stm32l151xd.o(.text)
    I2C1_EV_IRQHandler                       0x080001e3   Thumb Code     0  startup_stm32l151xd.o(.text)
    I2C2_ER_IRQHandler                       0x080001e3   Thumb Code     0  startup_stm32l151xd.o(.text)
    I2C2_EV_IRQHandler                       0x080001e3   Thumb Code     0  startup_stm32l151xd.o(.text)
    PVD_IRQHandler                           0x080001e3   Thumb Code     0  startup_stm32l151xd.o(.text)
    RCC_IRQHandler                           0x080001e3   Thumb Code     0  startup_stm32l151xd.o(.text)
    RTC_Alarm_IRQHandler                     0x080001e3   Thumb Code     0  startup_stm32l151xd.o(.text)
    RTC_WKUP_IRQHandler                      0x080001e3   Thumb Code     0  startup_stm32l151xd.o(.text)
    SDIO_IRQHandler                          0x080001e3   Thumb Code     0  startup_stm32l151xd.o(.text)
    SPI1_IRQHandler                          0x080001e3   Thumb Code     0  startup_stm32l151xd.o(.text)
    SPI2_IRQHandler                          0x080001e3   Thumb Code     0  startup_stm32l151xd.o(.text)
    SPI3_IRQHandler                          0x080001e3   Thumb Code     0  startup_stm32l151xd.o(.text)
    TAMPER_STAMP_IRQHandler                  0x080001e3   Thumb Code     0  startup_stm32l151xd.o(.text)
    TIM10_IRQHandler                         0x080001e3   Thumb Code     0  startup_stm32l151xd.o(.text)
    TIM2_IRQHandler                          0x080001e3   Thumb Code     0  startup_stm32l151xd.o(.text)
    TIM3_IRQHandler                          0x080001e3   Thumb Code     0  startup_stm32l151xd.o(.text)
    TIM4_IRQHandler                          0x080001e3   Thumb Code     0  startup_stm32l151xd.o(.text)
    TIM5_IRQHandler                          0x080001e3   Thumb Code     0  startup_stm32l151xd.o(.text)
    TIM6_IRQHandler                          0x080001e3   Thumb Code     0  startup_stm32l151xd.o(.text)
    TIM7_IRQHandler                          0x080001e3   Thumb Code     0  startup_stm32l151xd.o(.text)
    TIM9_IRQHandler                          0x080001e3   Thumb Code     0  startup_stm32l151xd.o(.text)
    UART4_IRQHandler                         0x080001e3   Thumb Code     0  startup_stm32l151xd.o(.text)
    UART5_IRQHandler                         0x080001e3   Thumb Code     0  startup_stm32l151xd.o(.text)
    USART1_IRQHandler                        0x080001e3   Thumb Code     0  startup_stm32l151xd.o(.text)
    USART2_IRQHandler                        0x080001e3   Thumb Code     0  startup_stm32l151xd.o(.text)
    USART3_IRQHandler                        0x080001e3   Thumb Code     0  startup_stm32l151xd.o(.text)
    USB_FS_WKUP_IRQHandler                   0x080001e3   Thumb Code     0  startup_stm32l151xd.o(.text)
    USB_HP_IRQHandler                        0x080001e3   Thumb Code     0  startup_stm32l151xd.o(.text)
    USB_LP_IRQHandler                        0x080001e3   Thumb Code     0  startup_stm32l151xd.o(.text)
    WWDG_IRQHandler                          0x080001e3   Thumb Code     0  startup_stm32l151xd.o(.text)
    __user_initial_stackheap                 0x080001e5   Thumb Code     0  startup_stm32l151xd.o(.text)
    SVC_Handler                              0x08000209   Thumb Code   108  irq_cm3.o(.text)
    PendSV_Handler                           0x08000275   Thumb Code    16  irq_cm3.o(.text)
    SysTick_Handler                          0x08000285   Thumb Code    16  irq_cm3.o(.text)
    __aeabi_memclr4                          0x0800029d   Thumb Code     0  rt_memclr_w.o(.text)
    __aeabi_memclr8                          0x0800029d   Thumb Code     0  rt_memclr_w.o(.text)
    __rt_memclr_w                            0x0800029d   Thumb Code    78  rt_memclr_w.o(.text)
    _memset_w                                0x080002a1   Thumb Code     0  rt_memclr_w.o(.text)
    __use_two_region_memory                  0x080002eb   Thumb Code     2  heapauxi.o(.text)
    __rt_heap_escrow$2region                 0x080002ed   Thumb Code     2  heapauxi.o(.text)
    __rt_heap_expand$2region                 0x080002ef   Thumb Code     2  heapauxi.o(.text)
    __user_setup_stackheap                   0x080002f1   Thumb Code    74  sys_stackheap_outer.o(.text)
    exit                                     0x0800033b   Thumb Code    18  exit.o(.text)
    __user_libspace                          0x0800034d   Thumb Code     8  libspace.o(.text)
    __user_perproc_libspace                  0x0800034d   Thumb Code     0  libspace.o(.text)
    _sys_exit                                0x08000355   Thumb Code     8  sys_exit.o(.text)
    __I$use$semihosting                      0x08000361   Thumb Code     0  use_no_semi.o(.text)
    __use_no_semihosting_swi                 0x08000361   Thumb Code     2  use_no_semi.o(.text)
    __semihosting_library_function           0x08000363   Thumb Code     0  indicate_semi.o(.text)
    BusFault_Handler                         0x08000365   Thumb Code     2  stm32l1xx_it.o(.text.BusFault_Handler)
    DebugMon_Handler                         0x08000369   Thumb Code     2  stm32l1xx_it.o(.text.DebugMon_Handler)
    EvrRtxEventFlagsWaitTimeout              0x0800036d   Thumb Code     2  rtx_evr.o(.text.EvrRtxEventFlagsWaitTimeout)
    EvrRtxKernelError                        0x08000371   Thumb Code     2  rtx_evr.o(.text.EvrRtxKernelError)
    EvrRtxKernelGetState                     0x08000375   Thumb Code     2  rtx_evr.o(.text.EvrRtxKernelGetState)
    EvrRtxKernelInitialize                   0x08000379   Thumb Code     2  rtx_evr.o(.text.EvrRtxKernelInitialize)
    EvrRtxKernelInitialized                  0x0800037d   Thumb Code     2  rtx_evr.o(.text.EvrRtxKernelInitialized)
    EvrRtxMemoryAlloc                        0x08000381   Thumb Code     2  rtx_evr.o(.text.EvrRtxMemoryAlloc)
    EvrRtxMemoryBlockAlloc                   0x08000385   Thumb Code     2  rtx_evr.o(.text.EvrRtxMemoryBlockAlloc)
    EvrRtxMemoryBlockFree                    0x08000389   Thumb Code     2  rtx_evr.o(.text.EvrRtxMemoryBlockFree)
    EvrRtxMemoryBlockInit                    0x0800038d   Thumb Code     2  rtx_evr.o(.text.EvrRtxMemoryBlockInit)
    EvrRtxMemoryFree                         0x08000391   Thumb Code     2  rtx_evr.o(.text.EvrRtxMemoryFree)
    EvrRtxMemoryInit                         0x08000395   Thumb Code     2  rtx_evr.o(.text.EvrRtxMemoryInit)
    EvrRtxMemoryPoolAllocTimeout             0x08000399   Thumb Code     2  rtx_evr.o(.text.EvrRtxMemoryPoolAllocTimeout)
    EvrRtxMessageQueueGetTimeout             0x0800039d   Thumb Code     2  rtx_evr.o(.text.EvrRtxMessageQueueGetTimeout)
    EvrRtxMessageQueuePutTimeout             0x080003a1   Thumb Code     2  rtx_evr.o(.text.EvrRtxMessageQueuePutTimeout)
    EvrRtxMutexAcquire                       0x080003a5   Thumb Code     2  rtx_evr.o(.text.EvrRtxMutexAcquire)
    EvrRtxMutexAcquirePending                0x080003a9   Thumb Code     2  rtx_evr.o(.text.EvrRtxMutexAcquirePending)
    EvrRtxMutexAcquireTimeout                0x080003ad   Thumb Code     2  rtx_evr.o(.text.EvrRtxMutexAcquireTimeout)
    EvrRtxMutexAcquired                      0x080003b1   Thumb Code     2  rtx_evr.o(.text.EvrRtxMutexAcquired)
    EvrRtxMutexCreated                       0x080003b5   Thumb Code     2  rtx_evr.o(.text.EvrRtxMutexCreated)
    EvrRtxMutexDelete                        0x080003b9   Thumb Code     2  rtx_evr.o(.text.EvrRtxMutexDelete)
    EvrRtxMutexDestroyed                     0x080003bd   Thumb Code     2  rtx_evr.o(.text.EvrRtxMutexDestroyed)
    EvrRtxMutexError                         0x080003c1   Thumb Code     2  rtx_evr.o(.text.EvrRtxMutexError)
    EvrRtxMutexNew                           0x080003c5   Thumb Code     2  rtx_evr.o(.text.EvrRtxMutexNew)
    EvrRtxMutexNotAcquired                   0x080003c9   Thumb Code     2  rtx_evr.o(.text.EvrRtxMutexNotAcquired)
    EvrRtxMutexRelease                       0x080003cd   Thumb Code     2  rtx_evr.o(.text.EvrRtxMutexRelease)
    EvrRtxMutexReleased                      0x080003d1   Thumb Code     2  rtx_evr.o(.text.EvrRtxMutexReleased)
    EvrRtxSemaphoreAcquireTimeout            0x080003d5   Thumb Code     2  rtx_evr.o(.text.EvrRtxSemaphoreAcquireTimeout)
    EvrRtxThreadBlocked                      0x080003d9   Thumb Code     2  rtx_evr.o(.text.EvrRtxThreadBlocked)
    EvrRtxThreadDelayCompleted               0x080003dd   Thumb Code     2  rtx_evr.o(.text.EvrRtxThreadDelayCompleted)
    EvrRtxThreadFlagsWaitTimeout             0x080003e1   Thumb Code     2  rtx_evr.o(.text.EvrRtxThreadFlagsWaitTimeout)
    EvrRtxThreadPreempted                    0x080003e5   Thumb Code     2  rtx_evr.o(.text.EvrRtxThreadPreempted)
    EvrRtxThreadSwitched                     0x080003e9   Thumb Code     2  rtx_evr.o(.text.EvrRtxThreadSwitched)
    EvrRtxThreadUnblocked                    0x080003ed   Thumb Code     2  rtx_evr.o(.text.EvrRtxThreadUnblocked)
    HAL_GetTick                              0x080003f1   Thumb Code    12  stm32l1xx_hal.o(.text.HAL_GetTick)
    HAL_IncTick                              0x080003fd   Thumb Code    26  stm32l1xx_hal.o(.text.HAL_IncTick)
    HAL_Init                                 0x08000419   Thumb Code    30  stm32l1xx_hal.o(.text.HAL_Init)
    HAL_InitTick                             0x08000439   Thumb Code   174  stm32l1xx_hal_timebase_tim.o(.text.HAL_InitTick)
    HAL_MspInit                              0x080004e9   Thumb Code    92  stm32l1xx_hal_msp.o(.text.HAL_MspInit)
    HAL_NVIC_EnableIRQ                       0x08000545   Thumb Code    32  stm32l1xx_hal_cortex.o(.text.HAL_NVIC_EnableIRQ)
    HAL_NVIC_SetPriority                     0x08000565   Thumb Code    86  stm32l1xx_hal_cortex.o(.text.HAL_NVIC_SetPriority)
    HAL_NVIC_SetPriorityGrouping             0x080005bd   Thumb Code    32  stm32l1xx_hal_cortex.o(.text.HAL_NVIC_SetPriorityGrouping)
    HAL_PWR_ConfigPVD                        0x080005dd   Thumb Code   128  stm32l1xx_hal_pwr.o(.text.HAL_PWR_ConfigPVD)
    HAL_PWR_EnablePVD                        0x0800065d   Thumb Code    12  stm32l1xx_hal_pwr.o(.text.HAL_PWR_EnablePVD)
    HAL_RCC_ClockConfig                      0x08000669   Thumb Code   554  stm32l1xx_hal_rcc.o(.text.HAL_RCC_ClockConfig)
    HAL_RCC_GetClockConfig                   0x08000895   Thumb Code    62  stm32l1xx_hal_rcc.o(.text.HAL_RCC_GetClockConfig)
    HAL_RCC_GetPCLK2Freq                     0x080008d5   Thumb Code    38  stm32l1xx_hal_rcc.o(.text.HAL_RCC_GetPCLK2Freq)
    HAL_RCC_OscConfig                        0x080008fd   Thumb Code  1380  stm32l1xx_hal_rcc.o(.text.HAL_RCC_OscConfig)
    HAL_TIM_Base_Init                        0x08000e61   Thumb Code   300  stm32l1xx_hal_tim.o(.text.HAL_TIM_Base_Init)
    HAL_TIM_Base_MspInit                     0x08000f8d   Thumb Code     2  stm32l1xx_hal_tim.o(.text.HAL_TIM_Base_MspInit)
    HAL_TIM_Base_Start_IT                    0x08000f91   Thumb Code   110  stm32l1xx_hal_tim.o(.text.HAL_TIM_Base_Start_IT)
    HAL_TIM_IC_CaptureCallback               0x08001001   Thumb Code     2  stm32l1xx_hal_tim.o(.text.HAL_TIM_IC_CaptureCallback)
    HAL_TIM_IRQHandler                       0x08001005   Thumb Code   294  stm32l1xx_hal_tim.o(.text.HAL_TIM_IRQHandler)
    HAL_TIM_OC_DelayElapsedCallback          0x0800112d   Thumb Code     2  stm32l1xx_hal_tim.o(.text.HAL_TIM_OC_DelayElapsedCallback)
    HAL_TIM_PWM_PulseFinishedCallback        0x08001131   Thumb Code     2  stm32l1xx_hal_tim.o(.text.HAL_TIM_PWM_PulseFinishedCallback)
    HAL_TIM_PeriodElapsedCallback            0x08001135   Thumb Code    20  main.o(.text.HAL_TIM_PeriodElapsedCallback)
    HAL_TIM_TriggerCallback                  0x08001149   Thumb Code     2  stm32l1xx_hal_tim.o(.text.HAL_TIM_TriggerCallback)
    HardFault_Handler                        0x0800114d   Thumb Code     2  stm32l1xx_it.o(.text.HardFault_Handler)
    MemManage_Handler                        0x08001151   Thumb Code     2  stm32l1xx_it.o(.text.MemManage_Handler)
    NMI_Handler                              0x08001155   Thumb Code     2  stm32l1xx_it.o(.text.NMI_Handler)
    OS_Tick_AcknowledgeIRQ                   0x08001159   Thumb Code    12  os_systick.o(.text.OS_Tick_AcknowledgeIRQ)
    SystemInit                               0x08001165   Thumb Code     2  system_stm32l1xx.o(.text.SystemInit)
    TIM11_IRQHandler                         0x08001169   Thumb Code    12  stm32l1xx_it.o(.text.TIM11_IRQHandler)
    UsageFault_Handler                       0x08001175   Thumb Code     2  stm32l1xx_it.o(.text.UsageFault_Handler)
    _mutex_acquire                           0x08001179   Thumb Code    64  rtx_lib.o(.text._mutex_acquire)
    _mutex_free                              0x080011b9   Thumb Code     6  rtx_lib.o(.text._mutex_free)
    _mutex_initialize                        0x080011c1   Thumb Code    32  rtx_lib.o(.text._mutex_initialize)
    _mutex_release                           0x080011e1   Thumb Code    56  rtx_lib.o(.text._mutex_release)
    _platform_post_stackheap_init            0x08001219   Thumb Code     4  rtx_lib.o(.text._platform_post_stackheap_init)
    main                                     0x0800121d   Thumb Code   174  main.o(.text.main)
    osKernelGetState                         0x080012cd   Thumb Code    60  rtx_kernel.o(.text.osKernelGetState)
    osKernelInitialize                       0x08001309   Thumb Code    54  rtx_kernel.o(.text.osKernelInitialize)
    osMutexAcquire                           0x08001341   Thumb Code    60  rtx_mutex.o(.text.osMutexAcquire)
    osMutexDelete                            0x0800137d   Thumb Code    56  rtx_mutex.o(.text.osMutexDelete)
    osMutexNew                               0x080013b5   Thumb Code    56  rtx_mutex.o(.text.osMutexNew)
    osMutexRelease                           0x080013ed   Thumb Code    56  rtx_mutex.o(.text.osMutexRelease)
    osRtxErrorNotify                         0x08001425   Thumb Code     2  main.o(.text.osRtxErrorNotify)
    osRtxKernelPreInit                       0x08001429   Thumb Code     4  rtx_lib.o(.text.osRtxKernelPreInit)
    osRtxMemoryAlloc                         0x0800142d   Thumb Code   224  rtx_memory.o(.text.osRtxMemoryAlloc)
    osRtxMemoryFree                          0x0800150d   Thumb Code   128  rtx_memory.o(.text.osRtxMemoryFree)
    osRtxMemoryInit                          0x0800158d   Thumb Code    68  rtx_memory.o(.text.osRtxMemoryInit)
    osRtxMemoryPoolAlloc                     0x080015d1   Thumb Code    74  rtx_mempool.o(.text.osRtxMemoryPoolAlloc)
    osRtxMemoryPoolFree                      0x0800161d   Thumb Code    92  rtx_mempool.o(.text.osRtxMemoryPoolFree)
    osRtxMemoryPoolInit                      0x08001679   Thumb Code   180  rtx_mempool.o(.text.osRtxMemoryPoolInit)
    osRtxPendSV_Handler                      0x0800172d   Thumb Code   166  rtx_system.o(.text.osRtxPendSV_Handler)
    osRtxThreadDelayTick                     0x080017d5   Thumb Code   572  rtx_thread.o(.text.osRtxThreadDelayTick)
    osRtxThreadDispatch                      0x08001a11   Thumb Code   430  rtx_thread.o(.text.osRtxThreadDispatch)
    osRtxThreadListGet                       0x08001bc1   Thumb Code    26  rtx_thread.o(.text.osRtxThreadListGet)
    osRtxThreadListPut                       0x08001bdd   Thumb Code   104  rtx_thread.o(.text.osRtxThreadListPut)
    osRtxThreadListRemove                    0x08001c45   Thumb Code    26  rtx_thread.o(.text.osRtxThreadListRemove)
    osRtxThreadListSort                      0x08001c61   Thumb Code   184  rtx_thread.o(.text.osRtxThreadListSort)
    osRtxThreadReadyPut                      0x08001d19   Thumb Code   118  rtx_thread.o(.text.osRtxThreadReadyPut)
    osRtxThreadStackCheck                    0x08001d91   Thumb Code    46  rtx_thread.o(.text.osRtxThreadStackCheck)
    osRtxThreadSwitch                        0x08001dc1   Thumb Code    32  rtx_thread.o(.text.osRtxThreadSwitch)
    osRtxThreadWaitEnter                     0x08001de1   Thumb Code   304  rtx_thread.o(.text.osRtxThreadWaitEnter)
    osRtxThreadWaitExit                      0x08001f11   Thumb Code   226  rtx_thread.o(.text.osRtxThreadWaitExit)
    osRtxTick_Handler                        0x08001ff5   Thumb Code   126  rtx_system.o(.text.osRtxTick_Handler)
    osRtxConfig                              0x080025f0   Data         104  rtx_lib.o(.rodata)
    os_cb_sections                           0x08002658   Data          56  rtx_lib.o(.rodata)
    AHBPrescTable                            0x08002690   Data          16  system_stm32l1xx.o(.rodata.AHBPrescTable)
    APBPrescTable                            0x080026a0   Data           8  system_stm32l1xx.o(.rodata.APBPrescTable)
    PLLMulTable                              0x080026a8   Data           9  system_stm32l1xx.o(.rodata.PLLMulTable)
    osRtxUserSVC                             0x080026b4   Data           4  rtx_lib.o(.rodata.osRtxUserSVC)
    Region$$Table$$Base                      0x08002724   Number         0  anon$$obj.o(Region$$Table)
    Region$$Table$$Limit                     0x08002744   Number         0  anon$$obj.o(Region$$Table)
    uwTickPrio                               0x20000000   Data           4  stm32l1xx_hal.o(.data..L_MergedGlobals)
    uwTickFreq                               0x20000004   Data           4  stm32l1xx_hal.o(.data..L_MergedGlobals)
    SystemCoreClock                          0x20000008   Data           4  system_stm32l1xx.o(.data.SystemCoreClock)
    osRtxInfo                                0x2000000c   Data         164  rtx_kernel.o(.data.os)
    __libspace_start                         0x200000b0   Data          96  libspace.o(.bss)
    __temporary_stack_top$libspace           0x20000110   Data           0  libspace.o(.bss)
    htim11                                   0x20000110   Data          64  stm32l1xx_hal_timebase_tim.o(.bss.htim11)
    .bss.os.msgqueue.cb$$Base                0x20001190   Number         0  rtx_lib.o(.bss.os.msgqueue.cb)
    .bss.os.msgqueue.cb$$Limit               0x200011c4   Number         0  rtx_lib.o(.bss.os.msgqueue.cb)
    .bss.os.thread.cb$$Base                  0x20001214   Number         0  rtx_lib.o(.bss.os.thread.cb)
    .bss.os.thread.cb$$Limit                 0x2000129c   Number         0  rtx_lib.o(.bss.os.thread.cb)
    uwTick                                   0x200016a4   Data           4  stm32l1xx_hal.o(.bss.uwTick)



==============================================================================

Memory Map of the image

  Image Entry point : 0x08000125

  Load Region LR_IROM1 (Base: 0x08000000, Size: 0x000027f8, Max: 0x00060000, ABSOLUTE)

    Execution Region ER_IROM1 (Exec base: 0x08000000, Load base: 0x08000000, Size: 0x00002744, Max: 0x00060000, ABSOLUTE)

    Exec Addr    Load Addr    Size         Type   Attr      Idx    E Section Name        Object

    0x08000000   0x08000000   0x00000124   Data   RO            3    RESET               startup_stm32l151xd.o
    0x08000124   0x08000124   0x00000008   Code   RO         1610  * !!!main             c_w.l(__main.o)
    0x0800012c   0x0800012c   0x00000034   Code   RO         1773    !!!scatter          c_w.l(__scatter.o)
    0x08000160   0x08000160   0x0000001a   Code   RO         1775    !!handler_copy      c_w.l(__scatter_copy.o)
    0x0800017a   0x0800017a   0x00000002   PAD
    0x0800017c   0x0800017c   0x0000001c   Code   RO         1777    !!handler_zi        c_w.l(__scatter_zi.o)
    0x08000198   0x08000198   0x00000002   Code   RO         1637    .ARM.Collect$$libinit$$00000000  c_w.l(libinit.o)
    0x0800019a   0x0800019a   0x00000000   Code   RO         1644    .ARM.Collect$$libinit$$00000002  c_w.l(libinit2.o)
    0x0800019a   0x0800019a   0x00000000   Code   RO         1646    .ARM.Collect$$libinit$$00000004  c_w.l(libinit2.o)
    0x0800019a   0x0800019a   0x00000000   Code   RO         1649    .ARM.Collect$$libinit$$0000000A  c_w.l(libinit2.o)
    0x0800019a   0x0800019a   0x00000000   Code   RO         1651    .ARM.Collect$$libinit$$0000000C  c_w.l(libinit2.o)
    0x0800019a   0x0800019a   0x00000000   Code   RO         1653    .ARM.Collect$$libinit$$0000000E  c_w.l(libinit2.o)
    0x0800019a   0x0800019a   0x00000000   Code   RO         1656    .ARM.Collect$$libinit$$00000011  c_w.l(libinit2.o)
    0x0800019a   0x0800019a   0x00000000   Code   RO         1658    .ARM.Collect$$libinit$$00000013  c_w.l(libinit2.o)
    0x0800019a   0x0800019a   0x00000000   Code   RO         1660    .ARM.Collect$$libinit$$00000015  c_w.l(libinit2.o)
    0x0800019a   0x0800019a   0x00000000   Code   RO         1662    .ARM.Collect$$libinit$$00000017  c_w.l(libinit2.o)
    0x0800019a   0x0800019a   0x00000000   Code   RO         1664    .ARM.Collect$$libinit$$00000019  c_w.l(libinit2.o)
    0x0800019a   0x0800019a   0x00000000   Code   RO         1666    .ARM.Collect$$libinit$$0000001B  c_w.l(libinit2.o)
    0x0800019a   0x0800019a   0x00000000   Code   RO         1668    .ARM.Collect$$libinit$$0000001D  c_w.l(libinit2.o)
    0x0800019a   0x0800019a   0x00000000   Code   RO         1670    .ARM.Collect$$libinit$$0000001F  c_w.l(libinit2.o)
    0x0800019a   0x0800019a   0x00000000   Code   RO         1672    .ARM.Collect$$libinit$$00000021  c_w.l(libinit2.o)
    0x0800019a   0x0800019a   0x00000000   Code   RO         1674    .ARM.Collect$$libinit$$00000023  c_w.l(libinit2.o)
    0x0800019a   0x0800019a   0x00000000   Code   RO         1676    .ARM.Collect$$libinit$$00000025  c_w.l(libinit2.o)
    0x0800019a   0x0800019a   0x00000000   Code   RO         1680    .ARM.Collect$$libinit$$0000002C  c_w.l(libinit2.o)
    0x0800019a   0x0800019a   0x00000000   Code   RO         1682    .ARM.Collect$$libinit$$0000002E  c_w.l(libinit2.o)
    0x0800019a   0x0800019a   0x00000000   Code   RO         1684    .ARM.Collect$$libinit$$00000030  c_w.l(libinit2.o)
    0x0800019a   0x0800019a   0x00000000   Code   RO         1686    .ARM.Collect$$libinit$$00000032  c_w.l(libinit2.o)
    0x0800019a   0x0800019a   0x00000002   Code   RO         1687    .ARM.Collect$$libinit$$00000033  c_w.l(libinit2.o)
    0x0800019c   0x0800019c   0x00000002   Code   RO         1709    .ARM.Collect$$libshutdown$$00000000  c_w.l(libshutdown.o)
    0x0800019e   0x0800019e   0x00000000   Code   RO         1724    .ARM.Collect$$libshutdown$$00000002  c_w.l(libshutdown2.o)
    0x0800019e   0x0800019e   0x00000000   Code   RO         1726    .ARM.Collect$$libshutdown$$00000004  c_w.l(libshutdown2.o)
    0x0800019e   0x0800019e   0x00000000   Code   RO         1729    .ARM.Collect$$libshutdown$$00000007  c_w.l(libshutdown2.o)
    0x0800019e   0x0800019e   0x00000000   Code   RO         1732    .ARM.Collect$$libshutdown$$0000000A  c_w.l(libshutdown2.o)
    0x0800019e   0x0800019e   0x00000000   Code   RO         1734    .ARM.Collect$$libshutdown$$0000000C  c_w.l(libshutdown2.o)
    0x0800019e   0x0800019e   0x00000000   Code   RO         1737    .ARM.Collect$$libshutdown$$0000000F  c_w.l(libshutdown2.o)
    0x0800019e   0x0800019e   0x00000002   Code   RO         1738    .ARM.Collect$$libshutdown$$00000010  c_w.l(libshutdown2.o)
    0x080001a0   0x080001a0   0x00000000   Code   RO         1612    .ARM.Collect$$rtentry$$00000000  c_w.l(__rtentry.o)
    0x080001a0   0x080001a0   0x00000000   Code   RO         1616    .ARM.Collect$$rtentry$$00000002  c_w.l(__rtentry2.o)
    0x080001a0   0x080001a0   0x00000006   Code   RO         1628    .ARM.Collect$$rtentry$$00000004  c_w.l(__rtentry4.o)
    0x080001a6   0x080001a6   0x00000008   Code   RO         1617    .ARM.Collect$$rtentry$$00000008  c_w.l(__rtentry2.o)
    0x080001ae   0x080001ae   0x00000004   Code   RO         1619    .ARM.Collect$$rtentry$$0000000A  c_w.l(__rtentry2.o)
    0x080001b2   0x080001b2   0x00000000   Code   RO         1621    .ARM.Collect$$rtentry$$0000000C  c_w.l(__rtentry2.o)
    0x080001b2   0x080001b2   0x00000008   Code   RO         1622    .ARM.Collect$$rtentry$$0000000D  c_w.l(__rtentry2.o)
    0x080001ba   0x080001ba   0x00000002   Code   RO         1641    .ARM.Collect$$rtexit$$00000000  c_w.l(rtexit.o)
    0x080001bc   0x080001bc   0x00000000   Code   RO         1689    .ARM.Collect$$rtexit$$00000002  c_w.l(rtexit2.o)
    0x080001bc   0x080001bc   0x00000004   Code   RO         1690    .ARM.Collect$$rtexit$$00000003  c_w.l(rtexit2.o)
    0x080001c0   0x080001c0   0x00000006   Code   RO         1691    .ARM.Collect$$rtexit$$00000004  c_w.l(rtexit2.o)
    0x080001c6   0x080001c6   0x00000002   PAD
    0x080001c8   0x080001c8   0x00000040   Code   RO            4    .text               startup_stm32l151xd.o
    0x08000208   0x08000208   0x00000094   Code   RO         1567    .text               irq_cm3.o
    0x0800029c   0x0800029c   0x0000004e   Code   RO         1606    .text               c_w.l(rt_memclr_w.o)
    0x080002ea   0x080002ea   0x00000006   Code   RO         1608    .text               c_w.l(heapauxi.o)
    0x080002f0   0x080002f0   0x0000004a   Code   RO         1630    .text               c_w.l(sys_stackheap_outer.o)
    0x0800033a   0x0800033a   0x00000012   Code   RO         1632    .text               c_w.l(exit.o)
    0x0800034c   0x0800034c   0x00000008   Code   RO         1638    .text               c_w.l(libspace.o)
    0x08000354   0x08000354   0x0000000c   Code   RO         1699    .text               c_w.l(sys_exit.o)
    0x08000360   0x08000360   0x00000002   Code   RO         1714    .text               c_w.l(use_no_semi.o)
    0x08000362   0x08000362   0x00000000   Code   RO         1716    .text               c_w.l(indicate_semi.o)
    0x08000362   0x08000362   0x00000002   PAD
    0x08000364   0x08000364   0x00000002   Code   RO           63    .text.BusFault_Handler  stm32l1xx_it.o
    0x08000366   0x08000366   0x00000002   PAD
    0x08000368   0x08000368   0x00000002   Code   RO           67    .text.DebugMon_Handler  stm32l1xx_it.o
    0x0800036a   0x0800036a   0x00000002   PAD
    0x0800036c   0x0800036c   0x00000002   Code   RO          959    .text.EvrRtxEventFlagsWaitTimeout  rtx_evr.o
    0x0800036e   0x0800036e   0x00000002   PAD
    0x08000370   0x08000370   0x00000002   Code   RO          785    .text.EvrRtxKernelError  rtx_evr.o
    0x08000372   0x08000372   0x00000002   PAD
    0x08000374   0x08000374   0x00000002   Code   RO          795    .text.EvrRtxKernelGetState  rtx_evr.o
    0x08000376   0x08000376   0x00000002   PAD
    0x08000378   0x08000378   0x00000002   Code   RO          787    .text.EvrRtxKernelInitialize  rtx_evr.o
    0x0800037a   0x0800037a   0x00000002   PAD
    0x0800037c   0x0800037c   0x00000002   Code   RO          789    .text.EvrRtxKernelInitialized  rtx_evr.o
    0x0800037e   0x0800037e   0x00000002   PAD
    0x08000380   0x08000380   0x00000002   Code   RO          775    .text.EvrRtxMemoryAlloc  rtx_evr.o
    0x08000382   0x08000382   0x00000002   PAD
    0x08000384   0x08000384   0x00000002   Code   RO          781    .text.EvrRtxMemoryBlockAlloc  rtx_evr.o
    0x08000386   0x08000386   0x00000002   PAD
    0x08000388   0x08000388   0x00000002   Code   RO          783    .text.EvrRtxMemoryBlockFree  rtx_evr.o
    0x0800038a   0x0800038a   0x00000002   PAD
    0x0800038c   0x0800038c   0x00000002   Code   RO          779    .text.EvrRtxMemoryBlockInit  rtx_evr.o
    0x0800038e   0x0800038e   0x00000002   PAD
    0x08000390   0x08000390   0x00000002   Code   RO          777    .text.EvrRtxMemoryFree  rtx_evr.o
    0x08000392   0x08000392   0x00000002   PAD
    0x08000394   0x08000394   0x00000002   Code   RO          773    .text.EvrRtxMemoryInit  rtx_evr.o
    0x08000396   0x08000396   0x00000002   PAD
    0x08000398   0x08000398   0x00000002   Code   RO         1037    .text.EvrRtxMemoryPoolAllocTimeout  rtx_evr.o
    0x0800039a   0x0800039a   0x00000002   PAD
    0x0800039c   0x0800039c   0x00000002   Code   RO         1085    .text.EvrRtxMessageQueueGetTimeout  rtx_evr.o
    0x0800039e   0x0800039e   0x00000002   PAD
    0x080003a0   0x080003a0   0x00000002   Code   RO         1073    .text.EvrRtxMessageQueuePutTimeout  rtx_evr.o
    0x080003a2   0x080003a2   0x00000002   PAD
    0x080003a4   0x080003a4   0x00000002   Code   RO          977    .text.EvrRtxMutexAcquire  rtx_evr.o
    0x080003a6   0x080003a6   0x00000002   PAD
    0x080003a8   0x080003a8   0x00000002   Code   RO          979    .text.EvrRtxMutexAcquirePending  rtx_evr.o
    0x080003aa   0x080003aa   0x00000002   PAD
    0x080003ac   0x080003ac   0x00000002   Code   RO          981    .text.EvrRtxMutexAcquireTimeout  rtx_evr.o
    0x080003ae   0x080003ae   0x00000002   PAD
    0x080003b0   0x080003b0   0x00000002   Code   RO          983    .text.EvrRtxMutexAcquired  rtx_evr.o
    0x080003b2   0x080003b2   0x00000002   PAD
    0x080003b4   0x080003b4   0x00000002   Code   RO          973    .text.EvrRtxMutexCreated  rtx_evr.o
    0x080003b6   0x080003b6   0x00000002   PAD
    0x080003b8   0x080003b8   0x00000002   Code   RO          993    .text.EvrRtxMutexDelete  rtx_evr.o
    0x080003ba   0x080003ba   0x00000002   PAD
    0x080003bc   0x080003bc   0x00000002   Code   RO          995    .text.EvrRtxMutexDestroyed  rtx_evr.o
    0x080003be   0x080003be   0x00000002   PAD
    0x080003c0   0x080003c0   0x00000002   Code   RO          969    .text.EvrRtxMutexError  rtx_evr.o
    0x080003c2   0x080003c2   0x00000002   PAD
    0x080003c4   0x080003c4   0x00000002   Code   RO          971    .text.EvrRtxMutexNew  rtx_evr.o
    0x080003c6   0x080003c6   0x00000002   PAD
    0x080003c8   0x080003c8   0x00000002   Code   RO          985    .text.EvrRtxMutexNotAcquired  rtx_evr.o
    0x080003ca   0x080003ca   0x00000002   PAD
    0x080003cc   0x080003cc   0x00000002   Code   RO          987    .text.EvrRtxMutexRelease  rtx_evr.o
    0x080003ce   0x080003ce   0x00000002   PAD
    0x080003d0   0x080003d0   0x00000002   Code   RO          989    .text.EvrRtxMutexReleased  rtx_evr.o
    0x080003d2   0x080003d2   0x00000002   PAD
    0x080003d4   0x080003d4   0x00000002   Code   RO         1009    .text.EvrRtxSemaphoreAcquireTimeout  rtx_evr.o
    0x080003d6   0x080003d6   0x00000002   PAD
    0x080003d8   0x080003d8   0x00000002   Code   RO          869    .text.EvrRtxThreadBlocked  rtx_evr.o
    0x080003da   0x080003da   0x00000002   PAD
    0x080003dc   0x080003dc   0x00000002   Code   RO          911    .text.EvrRtxThreadDelayCompleted  rtx_evr.o
    0x080003de   0x080003de   0x00000002   PAD
    0x080003e0   0x080003e0   0x00000002   Code   RO          901    .text.EvrRtxThreadFlagsWaitTimeout  rtx_evr.o
    0x080003e2   0x080003e2   0x00000002   PAD
    0x080003e4   0x080003e4   0x00000002   Code   RO          873    .text.EvrRtxThreadPreempted  rtx_evr.o
    0x080003e6   0x080003e6   0x00000002   PAD
    0x080003e8   0x080003e8   0x00000002   Code   RO          875    .text.EvrRtxThreadSwitched  rtx_evr.o
    0x080003ea   0x080003ea   0x00000002   PAD
    0x080003ec   0x080003ec   0x00000002   Code   RO          871    .text.EvrRtxThreadUnblocked  rtx_evr.o
    0x080003ee   0x080003ee   0x00000002   PAD
    0x080003f0   0x080003f0   0x0000000c   Code   RO          321    .text.HAL_GetTick   stm32l1xx_hal.o
    0x080003fc   0x080003fc   0x0000001a   Code   RO          319    .text.HAL_IncTick   stm32l1xx_hal.o
    0x08000416   0x08000416   0x00000002   PAD
    0x08000418   0x08000418   0x0000001e   Code   RO          309    .text.HAL_Init      stm32l1xx_hal.o
    0x08000436   0x08000436   0x00000002   PAD
    0x08000438   0x08000438   0x000000ae   Code   RO           42    .text.HAL_InitTick  stm32l1xx_hal_timebase_tim.o
    0x080004e6   0x080004e6   0x00000002   PAD
    0x080004e8   0x080004e8   0x0000005c   Code   RO           34    .text.HAL_MspInit   stm32l1xx_hal_msp.o
    0x08000544   0x08000544   0x00000020   Code   RO          631    .text.HAL_NVIC_EnableIRQ  stm32l1xx_hal_cortex.o
    0x08000564   0x08000564   0x00000056   Code   RO          629    .text.HAL_NVIC_SetPriority  stm32l1xx_hal_cortex.o
    0x080005ba   0x080005ba   0x00000002   PAD
    0x080005bc   0x080005bc   0x00000020   Code   RO          627    .text.HAL_NVIC_SetPriorityGrouping  stm32l1xx_hal_cortex.o
    0x080005dc   0x080005dc   0x00000080   Code   RO          570    .text.HAL_PWR_ConfigPVD  stm32l1xx_hal_pwr.o
    0x0800065c   0x0800065c   0x0000000c   Code   RO          572    .text.HAL_PWR_EnablePVD  stm32l1xx_hal_pwr.o
    0x08000668   0x08000668   0x0000022a   Code   RO          373    .text.HAL_RCC_ClockConfig  stm32l1xx_hal_rcc.o
    0x08000892   0x08000892   0x00000002   PAD
    0x08000894   0x08000894   0x0000003e   Code   RO          391    .text.HAL_RCC_GetClockConfig  stm32l1xx_hal_rcc.o
    0x080008d2   0x080008d2   0x00000002   PAD
    0x080008d4   0x080008d4   0x00000026   Code   RO          387    .text.HAL_RCC_GetPCLK2Freq  stm32l1xx_hal_rcc.o
    0x080008fa   0x080008fa   0x00000002   PAD
    0x080008fc   0x080008fc   0x00000564   Code   RO          371    .text.HAL_RCC_OscConfig  stm32l1xx_hal_rcc.o
    0x08000e60   0x08000e60   0x0000012c   Code   RO           78    .text.HAL_TIM_Base_Init  stm32l1xx_hal_tim.o
    0x08000f8c   0x08000f8c   0x00000002   Code   RO           80    .text.HAL_TIM_Base_MspInit  stm32l1xx_hal_tim.o
    0x08000f8e   0x08000f8e   0x00000002   PAD
    0x08000f90   0x08000f90   0x0000006e   Code   RO           90    .text.HAL_TIM_Base_Start_IT  stm32l1xx_hal_tim.o
    0x08000ffe   0x08000ffe   0x00000002   PAD
    0x08001000   0x08001000   0x00000002   Code   RO          210    .text.HAL_TIM_IC_CaptureCallback  stm32l1xx_hal_tim.o
    0x08001002   0x08001002   0x00000002   PAD
    0x08001004   0x08001004   0x00000126   Code   RO          208    .text.HAL_TIM_IRQHandler  stm32l1xx_hal_tim.o
    0x0800112a   0x0800112a   0x00000002   PAD
    0x0800112c   0x0800112c   0x00000002   Code   RO          212    .text.HAL_TIM_OC_DelayElapsedCallback  stm32l1xx_hal_tim.o
    0x0800112e   0x0800112e   0x00000002   PAD
    0x08001130   0x08001130   0x00000002   Code   RO          214    .text.HAL_TIM_PWM_PulseFinishedCallback  stm32l1xx_hal_tim.o
    0x08001132   0x08001132   0x00000002   PAD
    0x08001134   0x08001134   0x00000014   Code   RO           23    .text.HAL_TIM_PeriodElapsedCallback  main.o
    0x08001148   0x08001148   0x00000002   Code   RO          218    .text.HAL_TIM_TriggerCallback  stm32l1xx_hal_tim.o
    0x0800114a   0x0800114a   0x00000002   PAD
    0x0800114c   0x0800114c   0x00000002   Code   RO           59    .text.HardFault_Handler  stm32l1xx_it.o
    0x0800114e   0x0800114e   0x00000002   PAD
    0x08001150   0x08001150   0x00000002   Code   RO           61    .text.MemManage_Handler  stm32l1xx_it.o
    0x08001152   0x08001152   0x00000002   PAD
    0x08001154   0x08001154   0x00000002   Code   RO           57    .text.NMI_Handler   stm32l1xx_it.o
    0x08001156   0x08001156   0x00000002   PAD
    0x08001158   0x08001158   0x0000000c   Code   RO         1578    .text.OS_Tick_AcknowledgeIRQ  os_systick.o
    0x08001164   0x08001164   0x00000002   Code   RO          703    .text.SystemInit    system_stm32l1xx.o
    0x08001166   0x08001166   0x00000002   PAD
    0x08001168   0x08001168   0x0000000c   Code   RO           69    .text.TIM11_IRQHandler  stm32l1xx_it.o
    0x08001174   0x08001174   0x00000002   Code   RO           65    .text.UsageFault_Handler  stm32l1xx_it.o
    0x08001176   0x08001176   0x00000002   PAD
    0x08001178   0x08001178   0x00000040   Code   RO         1186    .text._mutex_acquire  rtx_lib.o
    0x080011b8   0x080011b8   0x00000006   Code   RO         1190    .text._mutex_free   rtx_lib.o
    0x080011be   0x080011be   0x00000002   PAD
    0x080011c0   0x080011c0   0x00000020   Code   RO         1184    .text._mutex_initialize  rtx_lib.o
    0x080011e0   0x080011e0   0x00000038   Code   RO         1188    .text._mutex_release  rtx_lib.o
    0x08001218   0x08001218   0x00000004   Code   RO         1178    .text._platform_post_stackheap_init  rtx_lib.o
    0x0800121c   0x0800121c   0x000000ae   Code   RO           11    .text.main          main.o
    0x080012ca   0x080012ca   0x00000002   PAD
    0x080012cc   0x080012cc   0x0000003c   Code   RO         1122    .text.osKernelGetState  rtx_kernel.o
    0x08001308   0x08001308   0x00000036   Code   RO         1116    .text.osKernelInitialize  rtx_kernel.o
    0x0800133e   0x0800133e   0x00000002   PAD
    0x08001340   0x08001340   0x0000003c   Code   RO         1335    .text.osMutexAcquire  rtx_mutex.o
    0x0800137c   0x0800137c   0x00000038   Code   RO         1341    .text.osMutexDelete  rtx_mutex.o
    0x080013b4   0x080013b4   0x00000038   Code   RO         1331    .text.osMutexNew    rtx_mutex.o
    0x080013ec   0x080013ec   0x00000038   Code   RO         1337    .text.osMutexRelease  rtx_mutex.o
    0x08001424   0x08001424   0x00000002   Code   RO           21    .text.osRtxErrorNotify  main.o
    0x08001426   0x08001426   0x00000002   PAD
    0x08001428   0x08001428   0x00000004   Code   RO         1180    .text.osRtxKernelPreInit  rtx_lib.o
    0x0800142c   0x0800142c   0x000000e0   Code   RO         1215    .text.osRtxMemoryAlloc  rtx_memory.o
    0x0800150c   0x0800150c   0x00000080   Code   RO         1217    .text.osRtxMemoryFree  rtx_memory.o
    0x0800158c   0x0800158c   0x00000044   Code   RO         1213    .text.osRtxMemoryInit  rtx_memory.o
    0x080015d0   0x080015d0   0x0000004a   Code   RO         1229    .text.osRtxMemoryPoolAlloc  rtx_mempool.o
    0x0800161a   0x0800161a   0x00000002   PAD
    0x0800161c   0x0800161c   0x0000005c   Code   RO         1231    .text.osRtxMemoryPoolFree  rtx_mempool.o
    0x08001678   0x08001678   0x000000b4   Code   RO         1227    .text.osRtxMemoryPoolInit  rtx_mempool.o
    0x0800172c   0x0800172c   0x000000a6   Code   RO         1399    .text.osRtxPendSV_Handler  rtx_system.o
    0x080017d2   0x080017d2   0x00000002   PAD
    0x080017d4   0x080017d4   0x0000023c   Code   RO         1421    .text.osRtxThreadDelayTick  rtx_thread.o
    0x08001a10   0x08001a10   0x000001ae   Code   RO         1429    .text.osRtxThreadDispatch  rtx_thread.o
    0x08001bbe   0x08001bbe   0x00000002   PAD
    0x08001bc0   0x08001bc0   0x0000001a   Code   RO         1413    .text.osRtxThreadListGet  rtx_thread.o
    0x08001bda   0x08001bda   0x00000002   PAD
    0x08001bdc   0x08001bdc   0x00000068   Code   RO         1411    .text.osRtxThreadListPut  rtx_thread.o
    0x08001c44   0x08001c44   0x0000001a   Code   RO         1417    .text.osRtxThreadListRemove  rtx_thread.o
    0x08001c5e   0x08001c5e   0x00000002   PAD
    0x08001c60   0x08001c60   0x000000b8   Code   RO         1415    .text.osRtxThreadListSort  rtx_thread.o
    0x08001d18   0x08001d18   0x00000076   Code   RO         1419    .text.osRtxThreadReadyPut  rtx_thread.o
    0x08001d8e   0x08001d8e   0x00000002   PAD
    0x08001d90   0x08001d90   0x0000002e   Code   RO         1427    .text.osRtxThreadStackCheck  rtx_thread.o
    0x08001dbe   0x08001dbe   0x00000002   PAD
    0x08001dc0   0x08001dc0   0x00000020   Code   RO         1425    .text.osRtxThreadSwitch  rtx_thread.o
    0x08001de0   0x08001de0   0x00000130   Code   RO         1433    .text.osRtxThreadWaitEnter  rtx_thread.o
    0x08001f10   0x08001f10   0x000000e2   Code   RO         1431    .text.osRtxThreadWaitExit  rtx_thread.o
    0x08001ff2   0x08001ff2   0x00000002   PAD
    0x08001ff4   0x08001ff4   0x0000007e   Code   RO         1397    .text.osRtxTick_Handler  rtx_system.o
    0x08002072   0x08002072   0x00000002   PAD
    0x08002074   0x08002074   0x00000016   Code   RO         1124    .text.svcRtxKernelGetState  rtx_kernel.o
    0x0800208a   0x0800208a   0x00000002   PAD
    0x0800208c   0x0800208c   0x00000198   Code   RO         1154    .text.svcRtxKernelInitialize  rtx_kernel.o
    0x08002224   0x08002224   0x000000e6   Code   RO         1347    .text.svcRtxMutexAcquire  rtx_mutex.o
    0x0800230a   0x0800230a   0x00000002   PAD
    0x0800230c   0x0800230c   0x00000120   Code   RO         1353    .text.svcRtxMutexDelete  rtx_mutex.o
    0x0800242c   0x0800242c   0x00000090   Code   RO         1343    .text.svcRtxMutexNew  rtx_mutex.o
    0x080024bc   0x080024bc   0x00000132   Code   RO         1349    .text.svcRtxMutexRelease  rtx_mutex.o
    0x080025ee   0x080025ee   0x00000002   PAD
    0x080025f0   0x080025f0   0x000000a0   Data   RO         1196    .rodata             rtx_lib.o
    0x08002690   0x08002690   0x00000010   Data   RO          709    .rodata.AHBPrescTable  system_stm32l1xx.o
    0x080026a0   0x080026a0   0x00000008   Data   RO          710    .rodata.APBPrescTable  system_stm32l1xx.o
    0x080026a8   0x080026a8   0x00000009   Data   RO          708    .rodata.PLLMulTable  system_stm32l1xx.o
    0x080026b1   0x080026b1   0x00000003   PAD
    0x080026b4   0x080026b4   0x00000004   Data   RO         1198    .rodata.osRtxUserSVC  rtx_lib.o
    0x080026b8   0x080026b8   0x00000024   Data   RO         1193    .rodata.os_idle_thread_attr  rtx_lib.o
    0x080026dc   0x080026dc   0x00000018   Data   RO         1195    .rodata.os_timer_mq_attr  rtx_lib.o
    0x080026f4   0x080026f4   0x00000024   Data   RO         1194    .rodata.os_timer_thread_attr  rtx_lib.o
    0x08002718   0x08002718   0x0000000b   Data   RO         1168    .rodata.str1.4      rtx_kernel.o
    0x08002723   0x08002723   0x00000001   PAD
    0x08002724   0x08002724   0x00000020   Data   RO         1772    Region$$Table       anon$$obj.o


    Execution Region RW_IRAM1 (Exec base: 0x20000000, Load base: 0x08002748, Size: 0x00001ca8, Max: 0x0000c000, ABSOLUTE)

    Exec Addr    Load Addr    Size         Type   Attr      Idx    E Section Name        Object

    0x20000000   0x08002748   0x00000008   Data   RW          360    .data..L_MergedGlobals  stm32l1xx_hal.o
    0x20000008   0x08002750   0x00000004   Data   RW          707    .data.SystemCoreClock  system_stm32l1xx.o
    0x2000000c   0x08002754   0x000000a4   Data   RW         1169    .data.os            rtx_kernel.o
    0x200000b0        -       0x00000060   Zero   RW         1639    .bss                c_w.l(libspace.o)
    0x20000110        -       0x00000040   Zero   RW           48    .bss.htim11         stm32l1xx_hal_timebase_tim.o
    0x20000150        -       0x00001040   Zero   RW         1192    .bss.os             rtx_lib.o
    0x20001190        -       0x00000034   Zero   RW         1202    .bss.os.msgqueue.cb  rtx_lib.o
    0x200011c4        -       0x00000050   Zero   RW         1203    .bss.os.msgqueue.mem  rtx_lib.o
    0x20001214        -       0x00000088   Zero   RW         1200    .bss.os.thread.cb   rtx_lib.o
    0x2000129c   0x080027f8   0x00000004   PAD
    0x200012a0        -       0x00000400   Zero   RW         1201    .bss.os.thread.stack  rtx_lib.o
    0x200016a0        -       0x00000001   Zero   RW         1204    .bss.os_kernel_is_active.os_kernel_active  rtx_lib.o
    0x200016a1   0x080027f8   0x00000003   PAD
    0x200016a4        -       0x00000004   Zero   RW          359    .bss.uwTick         stm32l1xx_hal.o
    0x200016a8        -       0x00000200   Zero   RW            2    HEAP                startup_stm32l151xd.o
    0x200018a8        -       0x00000400   Zero   RW            1    STACK               startup_stm32l151xd.o


==============================================================================

Image component sizes


      Code (inc. data)   RO Data    RW Data    ZI Data      Debug   Object Name

       148         10          0          0          0        528   irq_cm3.o
       196          0          0          0          0       5864   main.o
        12          0          0          0          0       3980   os_systick.o
        66          0          0          0          0      23456   rtx_evr.o
       544          0         11        164          0      18953   rtx_kernel.o
       166          0        260          0       5453       7440   rtx_lib.o
       420          0          0          0          0       3427   rtx_memory.o
       346          0          0          0          0      21998   rtx_mempool.o
      1196          0          0          0          0      10803   rtx_mutex.o
       292          8          0          0          0       5717   rtx_system.o
      2068         10          0          0          0      49338   rtx_thread.o
        64         26        292          0       1536        956   startup_stm32l151xd.o
        68          0          0          8          4       6049   stm32l1xx_hal.o
       150          0          0          0          0      10028   stm32l1xx_hal_cortex.o
        92          0          0          0          0       1333   stm32l1xx_hal_msp.o
       140          0          0          0          0       4170   stm32l1xx_hal_pwr.o
      2034          4          0          0          0       9018   stm32l1xx_hal_rcc.o
       714          0          0          0          0      52318   stm32l1xx_hal_tim.o
       174          0          0          0         64       6147   stm32l1xx_hal_timebase_tim.o
        24          0          0          0          0        911   stm32l1xx_it.o
         2          0         33          4          0       2008   system_stm32l1xx.o

    ----------------------------------------------------------------------
      9056         58        632        176       7064     244442   Object Totals
         0          0         32          0          0          0   (incl. Generated)
       140          0          4          0          7          0   (incl. Padding)

    ----------------------------------------------------------------------

      Code (inc. data)   RO Data    RW Data    ZI Data      Debug   Library Member Name

         8          0          0          0          0         68   __main.o
         0          0          0          0          0          0   __rtentry.o
        20          0          0          0          0          0   __rtentry2.o
         6          0          0          0          0          0   __rtentry4.o
        52          8          0          0          0          0   __scatter.o
        26          0          0          0          0          0   __scatter_copy.o
        28          0          0          0          0          0   __scatter_zi.o
        18          0          0          0          0         80   exit.o
         6          0          0          0          0        152   heapauxi.o
         0          0          0          0          0          0   indicate_semi.o
         2          0          0          0          0          0   libinit.o
         2          0          0          0          0          0   libinit2.o
         2          0          0          0          0          0   libshutdown.o
         2          0          0          0          0          0   libshutdown2.o
         8          4          0          0         96         68   libspace.o
        78          0          0          0          0         80   rt_memclr_w.o
         2          0          0          0          0          0   rtexit.o
        10          0          0          0          0          0   rtexit2.o
        12          4          0          0          0         68   sys_exit.o
        74          0          0          0          0         80   sys_stackheap_outer.o
         2          0          0          0          0         68   use_no_semi.o

    ----------------------------------------------------------------------
       364         16          0          0         96        664   Library Totals
         6          0          0          0          0          0   (incl. Padding)

    ----------------------------------------------------------------------

      Code (inc. data)   RO Data    RW Data    ZI Data      Debug   Library Name

       358         16          0          0         96        664   c_w.l

    ----------------------------------------------------------------------
       364         16          0          0         96        664   Library Totals

    ----------------------------------------------------------------------

==============================================================================


      Code (inc. data)   RO Data    RW Data    ZI Data      Debug   

      9420         74        632        176       7160     244606   Grand Totals
      9420         74        632        176       7160     244606   ELF Image Totals
      9420         74        632        176          0          0   ROM Totals

==============================================================================

    Total RO  Size (Code + RO Data)                10052 (   9.82kB)
    Total RW  Size (RW Data + ZI Data)              7336 (   7.16kB)
    Total ROM Size (Code + RO Data + RW Data)      10228 (   9.99kB)

==============================================================================

